###############################################################################
#                                                                             #
# IAR ELF Linker V6.30.1.53127/W32 for ARM              22/Jun/2012  20:41:13 #
# Copyright 2007-2011 IAR Systems AB.                                         #
#                                                                             #
#    Output file  =  E:\temp\rt-thread\bsp\stm32f40x\Debug\Exe\project-STM32F #
#                    4Discovery.out                                           #
#    Map file     =  E:\temp\rt-thread\bsp\stm32f40x\Debug\List\project-STM32 #
#                    F4Discovery.map                                          #
#    Command line =  E:\temp\rt-thread\bsp\stm32f40x\Debug\Obj\api_lib.o      #
#                    E:\temp\rt-thread\bsp\stm32f40x\Debug\Obj\api_msg.o      #
#                    E:\temp\rt-thread\bsp\stm32f40x\Debug\Obj\application.o  #
#                    E:\temp\rt-thread\bsp\stm32f40x\Debug\Obj\asn1_dec.o     #
#                    E:\temp\rt-thread\bsp\stm32f40x\Debug\Obj\asn1_enc.o     #
#                    E:\temp\rt-thread\bsp\stm32f40x\Debug\Obj\auth.o         #
#                    E:\temp\rt-thread\bsp\stm32f40x\Debug\Obj\autoip.o       #
#                    E:\temp\rt-thread\bsp\stm32f40x\Debug\Obj\board.o        #
#                    E:\temp\rt-thread\bsp\stm32f40x\Debug\Obj\chap.o         #
#                    E:\temp\rt-thread\bsp\stm32f40x\Debug\Obj\chpms.o        #
#                    E:\temp\rt-thread\bsp\stm32f40x\Debug\Obj\clock.o        #
#                    E:\temp\rt-thread\bsp\stm32f40x\Debug\Obj\cmd.o          #
#                    E:\temp\rt-thread\bsp\stm32f40x\Debug\Obj\context_iar.o  #
#                    E:\temp\rt-thread\bsp\stm32f40x\Debug\Obj\cpuport.o      #
#                    E:\temp\rt-thread\bsp\stm32f40x\Debug\Obj\def.o          #
#                    E:\temp\rt-thread\bsp\stm32f40x\Debug\Obj\device.o       #
#                    E:\temp\rt-thread\bsp\stm32f40x\Debug\Obj\dfs.o          #
#                    E:\temp\rt-thread\bsp\stm32f40x\Debug\Obj\dfs_elm.o      #
#                    E:\temp\rt-thread\bsp\stm32f40x\Debug\Obj\dfs_file.o     #
#                    E:\temp\rt-thread\bsp\stm32f40x\Debug\Obj\dfs_fs.o       #
#                    E:\temp\rt-thread\bsp\stm32f40x\Debug\Obj\dfs_posix.o    #
#                    E:\temp\rt-thread\bsp\stm32f40x\Debug\Obj\dhcp.o         #
#                    E:\temp\rt-thread\bsp\stm32f40x\Debug\Obj\dns.o          #
#                    E:\temp\rt-thread\bsp\stm32f40x\Debug\Obj\err.o          #
#                    E:\temp\rt-thread\bsp\stm32f40x\Debug\Obj\etharp.o       #
#                    E:\temp\rt-thread\bsp\stm32f40x\Debug\Obj\ethernetif.o   #
#                    E:\temp\rt-thread\bsp\stm32f40x\Debug\Obj\ff.o           #
#                    E:\temp\rt-thread\bsp\stm32f40x\Debug\Obj\finsh_compiler #
#                    .o E:\temp\rt-thread\bsp\stm32f40x\Debug\Obj\finsh_error #
#                    .o E:\temp\rt-thread\bsp\stm32f40x\Debug\Obj\finsh_heap. #
#                    o E:\temp\rt-thread\bsp\stm32f40x\Debug\Obj\finsh_init.o #
#                     E:\temp\rt-thread\bsp\stm32f40x\Debug\Obj\finsh_node.o  #
#                    E:\temp\rt-thread\bsp\stm32f40x\Debug\Obj\finsh_ops.o    #
#                    E:\temp\rt-thread\bsp\stm32f40x\Debug\Obj\finsh_parser.o #
#                     E:\temp\rt-thread\bsp\stm32f40x\Debug\Obj\finsh_token.o #
#                     E:\temp\rt-thread\bsp\stm32f40x\Debug\Obj\finsh_var.o   #
#                    E:\temp\rt-thread\bsp\stm32f40x\Debug\Obj\finsh_vm.o     #
#                    E:\temp\rt-thread\bsp\stm32f40x\Debug\Obj\fsm.o          #
#                    E:\temp\rt-thread\bsp\stm32f40x\Debug\Obj\icmp.o         #
#                    E:\temp\rt-thread\bsp\stm32f40x\Debug\Obj\idle.o         #
#                    E:\temp\rt-thread\bsp\stm32f40x\Debug\Obj\igmp.o         #
#                    E:\temp\rt-thread\bsp\stm32f40x\Debug\Obj\inet.o         #
#                    E:\temp\rt-thread\bsp\stm32f40x\Debug\Obj\inet_chksum.o  #
#                    E:\temp\rt-thread\bsp\stm32f40x\Debug\Obj\init.o         #
#                    E:\temp\rt-thread\bsp\stm32f40x\Debug\Obj\ip.o           #
#                    E:\temp\rt-thread\bsp\stm32f40x\Debug\Obj\ip_addr.o      #
#                    E:\temp\rt-thread\bsp\stm32f40x\Debug\Obj\ip_frag.o      #
#                    E:\temp\rt-thread\bsp\stm32f40x\Debug\Obj\ipc.o          #
#                    E:\temp\rt-thread\bsp\stm32f40x\Debug\Obj\ipcp.o         #
#                    E:\temp\rt-thread\bsp\stm32f40x\Debug\Obj\irq.o          #
#                    E:\temp\rt-thread\bsp\stm32f40x\Debug\Obj\kservice.o     #
#                    E:\temp\rt-thread\bsp\stm32f40x\Debug\Obj\lcp.o          #
#                    E:\temp\rt-thread\bsp\stm32f40x\Debug\Obj\magic.o        #
#                    E:\temp\rt-thread\bsp\stm32f40x\Debug\Obj\md5.o          #
#                    E:\temp\rt-thread\bsp\stm32f40x\Debug\Obj\mem.o          #
#                    E:\temp\rt-thread\bsp\stm32f40x\Debug\Obj\memp.o         #
#                    E:\temp\rt-thread\bsp\stm32f40x\Debug\Obj\mempool.o      #
#                    E:\temp\rt-thread\bsp\stm32f40x\Debug\Obj\mib2.o         #
#                    E:\temp\rt-thread\bsp\stm32f40x\Debug\Obj\mib_structs.o  #
#                    E:\temp\rt-thread\bsp\stm32f40x\Debug\Obj\misc.o         #
#                    E:\temp\rt-thread\bsp\stm32f40x\Debug\Obj\msg_in.o       #
#                    E:\temp\rt-thread\bsp\stm32f40x\Debug\Obj\msg_out.o      #
#                    E:\temp\rt-thread\bsp\stm32f40x\Debug\Obj\netbuf.o       #
#                    E:\temp\rt-thread\bsp\stm32f40x\Debug\Obj\netdb.o        #
#                    E:\temp\rt-thread\bsp\stm32f40x\Debug\Obj\netif.o        #
#                    E:\temp\rt-thread\bsp\stm32f40x\Debug\Obj\netifapi.o     #
#                    E:\temp\rt-thread\bsp\stm32f40x\Debug\Obj\object.o       #
#                    E:\temp\rt-thread\bsp\stm32f40x\Debug\Obj\pap.o          #
#                    E:\temp\rt-thread\bsp\stm32f40x\Debug\Obj\pbuf.o         #
#                    E:\temp\rt-thread\bsp\stm32f40x\Debug\Obj\ppp.o          #
#                    E:\temp\rt-thread\bsp\stm32f40x\Debug\Obj\ppp_oe.o       #
#                    E:\temp\rt-thread\bsp\stm32f40x\Debug\Obj\randm.o        #
#                    E:\temp\rt-thread\bsp\stm32f40x\Debug\Obj\raw.o          #
#                    E:\temp\rt-thread\bsp\stm32f40x\Debug\Obj\scheduler.o    #
#                    E:\temp\rt-thread\bsp\stm32f40x\Debug\Obj\serial.o       #
#                    E:\temp\rt-thread\bsp\stm32f40x\Debug\Obj\shell.o        #
#                    E:\temp\rt-thread\bsp\stm32f40x\Debug\Obj\slab.o         #
#                    E:\temp\rt-thread\bsp\stm32f40x\Debug\Obj\slipif.o       #
#                    E:\temp\rt-thread\bsp\stm32f40x\Debug\Obj\sockets.o      #
#                    E:\temp\rt-thread\bsp\stm32f40x\Debug\Obj\startup.o      #
#                    E:\temp\rt-thread\bsp\stm32f40x\Debug\Obj\startup_stm32f #
#                    4xx.o E:\temp\rt-thread\bsp\stm32f40x\Debug\Obj\stats.o  #
#                    E:\temp\rt-thread\bsp\stm32f40x\Debug\Obj\stm32f4xx_adc. #
#                    o E:\temp\rt-thread\bsp\stm32f40x\Debug\Obj\stm32f4xx_ca #
#                    n.o E:\temp\rt-thread\bsp\stm32f40x\Debug\Obj\stm32f4xx_ #
#                    crc.o E:\temp\rt-thread\bsp\stm32f40x\Debug\Obj\stm32f4x #
#                    x_cryp.o E:\temp\rt-thread\bsp\stm32f40x\Debug\Obj\stm32 #
#                    f4xx_cryp_aes.o E:\temp\rt-thread\bsp\stm32f40x\Debug\Ob #
#                    j\stm32f4xx_cryp_des.o E:\temp\rt-thread\bsp\stm32f40x\D #
#                    ebug\Obj\stm32f4xx_cryp_tdes.o                           #
#                    E:\temp\rt-thread\bsp\stm32f40x\Debug\Obj\stm32f4xx_dac. #
#                    o E:\temp\rt-thread\bsp\stm32f40x\Debug\Obj\stm32f4xx_db #
#                    gmcu.o E:\temp\rt-thread\bsp\stm32f40x\Debug\Obj\stm32f4 #
#                    xx_dcmi.o E:\temp\rt-thread\bsp\stm32f40x\Debug\Obj\stm3 #
#                    2f4xx_dma.o E:\temp\rt-thread\bsp\stm32f40x\Debug\Obj\st #
#                    m32f4xx_exti.o E:\temp\rt-thread\bsp\stm32f40x\Debug\Obj #
#                    \stm32f4xx_flash.o E:\temp\rt-thread\bsp\stm32f40x\Debug #
#                    \Obj\stm32f4xx_fsmc.o E:\temp\rt-thread\bsp\stm32f40x\De #
#                    bug\Obj\stm32f4xx_gpio.o E:\temp\rt-thread\bsp\stm32f40x #
#                    \Debug\Obj\stm32f4xx_hash.o                              #
#                    E:\temp\rt-thread\bsp\stm32f40x\Debug\Obj\stm32f4xx_hash #
#                    _md5.o E:\temp\rt-thread\bsp\stm32f40x\Debug\Obj\stm32f4 #
#                    xx_hash_sha1.o E:\temp\rt-thread\bsp\stm32f40x\Debug\Obj #
#                    \stm32f4xx_i2c.o E:\temp\rt-thread\bsp\stm32f40x\Debug\O #
#                    bj\stm32f4xx_it.o E:\temp\rt-thread\bsp\stm32f40x\Debug\ #
#                    Obj\stm32f4xx_iwdg.o E:\temp\rt-thread\bsp\stm32f40x\Deb #
#                    ug\Obj\stm32f4xx_pwr.o E:\temp\rt-thread\bsp\stm32f40x\D #
#                    ebug\Obj\stm32f4xx_rcc.o E:\temp\rt-thread\bsp\stm32f40x #
#                    \Debug\Obj\stm32f4xx_rng.o E:\temp\rt-thread\bsp\stm32f4 #
#                    0x\Debug\Obj\stm32f4xx_rtc.o                             #
#                    E:\temp\rt-thread\bsp\stm32f40x\Debug\Obj\stm32f4xx_sdio #
#                    .o E:\temp\rt-thread\bsp\stm32f40x\Debug\Obj\stm32f4xx_s #
#                    pi.o E:\temp\rt-thread\bsp\stm32f40x\Debug\Obj\stm32f4xx #
#                    _syscfg.o E:\temp\rt-thread\bsp\stm32f40x\Debug\Obj\stm3 #
#                    2f4xx_tim.o E:\temp\rt-thread\bsp\stm32f40x\Debug\Obj\st #
#                    m32f4xx_usart.o E:\temp\rt-thread\bsp\stm32f40x\Debug\Ob #
#                    j\stm32f4xx_wwdg.o E:\temp\rt-thread\bsp\stm32f40x\Debug #
#                    \Obj\symbol.o E:\temp\rt-thread\bsp\stm32f40x\Debug\Obj\ #
#                    sys.o E:\temp\rt-thread\bsp\stm32f40x\Debug\Obj\sys_arch #
#                    .o E:\temp\rt-thread\bsp\stm32f40x\Debug\Obj\system_stm3 #
#                    2f4xx.o E:\temp\rt-thread\bsp\stm32f40x\Debug\Obj\tcp.o  #
#                    E:\temp\rt-thread\bsp\stm32f40x\Debug\Obj\tcp_in.o       #
#                    E:\temp\rt-thread\bsp\stm32f40x\Debug\Obj\tcp_out.o      #
#                    E:\temp\rt-thread\bsp\stm32f40x\Debug\Obj\tcpip.o        #
#                    E:\temp\rt-thread\bsp\stm32f40x\Debug\Obj\thread.o       #
#                    E:\temp\rt-thread\bsp\stm32f40x\Debug\Obj\timer.o        #
#                    E:\temp\rt-thread\bsp\stm32f40x\Debug\Obj\timers.o       #
#                    E:\temp\rt-thread\bsp\stm32f40x\Debug\Obj\udp.o          #
#                    E:\temp\rt-thread\bsp\stm32f40x\Debug\Obj\usart.o        #
#                    E:\temp\rt-thread\bsp\stm32f40x\Debug\Obj\vj.o           #
#                    --redirect _Printf=_PrintfFull --redirect                #
#                    _Scanf=_ScanfFull -o E:\temp\rt-thread\bsp\stm32f40x\Deb #
#                    ug\Exe\project-STM32F4Discovery.out --map                #
#                    E:\temp\rt-thread\bsp\stm32f40x\Debug\List\project-STM32 #
#                    F4Discovery.map --config E:\temp\rt-thread\bsp\stm32f40x #
#                    \stm32f4xx_flash.icf --semihosting --entry               #
#                    __iar_program_start --vfe                                #
#                                                                             #
#                                                                             #
###############################################################################

*******************************************************************************
*** RUNTIME MODEL ATTRIBUTES
***

CppFlavor       = *
__SystemLibrary = DLib


*******************************************************************************
*** PLACEMENT SUMMARY
***

"A1":  place at 0x08000000 { ro section .intvec };
"P1":  place in [from 0x08000000 to 0x080fffff] { ro };
"P2":  place in [from 0x20000000 to 0x2001ffff] { rw, block CSTACK, block HEAP };

  Section            Kind        Address    Size  Object
  -------            ----        -------    ----  ------
"A1":                                      0x188
  .intvec            ro code  0x08000000   0x188  startup_stm32f4xx.o [1]
                            - 0x08000188   0x188

"P1":                                     0xc01c
  .text              ro code  0x08000188  0x1970  finsh_compiler.o [1]
  .text              ro code  0x08001af8    0x2c  finsh_error.o [1]
  .text              ro code  0x08001b24    0x16  udp.o [1]
  .text              ro code  0x08001b3a    0x2e  copy_init3.o [5]
  .text              ro code  0x08001b68    0x66  ABImemset.o [5]
  .text              ro code  0x08001bce    0x22  zero_init3.o [5]
  .text              ro code  0x08001bf0   0xd1e  xprintffull.o [3]
  .text              ro code  0x0800290e     0xa  xsprout.o [3]
  .text              ro code  0x08002918    0x16  strchr.o [5]
  .text              ro code  0x08002930    0x36  strlen.o [5]
  .text              ro code  0x08002968    0x58  memchr.o [5]
  .text              ro code  0x080029c0    0xee  I64DivMod.o [5]
  .text              ro code  0x08002ab0    0x76  ABImemcpy.o [5]
  .text              ro code  0x08002b26    0x44  xdnorm.o [4]
  .text              ro code  0x08002b6c    0x2e  DblCmpLe.o [4]
  .text              ro code  0x08002b9c    0x2e  DblCmpGe.o [4]
  .text              ro code  0x08002bcc   0x126  xdscale.o [4]
  .text              ro code  0x08002cf4    0x58  DblToI32.o [4]
  .text              ro code  0x08002d4c    0x30  I32ToDbl.o [4]
  .text              ro code  0x08002d7c   0x180  DblSub.o [4]
  .text              ro code  0x08002efc   0x1a2  DblMul.o [4]
  .text              ro code  0x080030a0   0x246  DblDiv.o [4]
  .text              ro code  0x080032e6     0xe  div.o [3]
  .text              ro code  0x080032f4     0x2  I64DivZer.o [5]
  .text              ro code  0x080032f8    0xd4  DblAdd.o [4]
  .text              ro code  0x080033cc   0xb28  finsh_ops.o [1]
  .text              ro code  0x08003ef4   0xa16  finsh_parser.o [1]
  .text              ro code  0x0800490c   0x11c  finsh_var.o [1]
  .text              ro code  0x08004a28   0x6dc  finsh_token.o [1]
  .text              ro code  0x08005104   0x1a0  finsh_node.o [1]
  .text              ro code  0x080052a4    0x6c  strncpy.o [5]
  .text              ro code  0x08005310    0x2a  strncmp.o [3]
  .text              ro code  0x0800533c   0x648  shell.o [1]
  .text              ro code  0x08005984     0x8  atoi.o [3]
  .text              ro code  0x0800598c     0xc  finsh_token.o [1]
  .text              ro code  0x08005998    0xb8  finsh_vm.o [1]
  .text              ro code  0x08005a50   0x22e  finsh_heap.o [1]
  .text              ro code  0x08005c80   0x6e8  kservice.o [1]
  .text              ro code  0x08006368   0x278  ipc.o [1]
  .text              ro code  0x080065e0   0x29c  device.o [1]
  .text              ro code  0x0800687c   0x888  cmd.o [1]
  .text              ro code  0x08007104    0x3e  finsh_init.o [1]
  .text              ro code  0x08007142    0x16  tcp_out.o [1]
  .text              ro code  0x08007158   0x6a0  mem.o [1]
  .text              ro code  0x080077f8   0x4e0  thread.o [1]
  .text              ro code  0x08007cd8   0x178  xstoul.o [3]
  .text              ro code  0x08007e50    0x22  finsh_token.o [1]
  .text              ro code  0x08007e74    0x40  irq.o [1]
  .text              ro code  0x08007eb4   0x22c  object.o [1]
  .text              ro code  0x080080e0    0xcc  context_iar.o [1]
  .text              ro code  0x080081ac   0x280  timer.o [1]
  .text              ro code  0x0800842c   0x364  scheduler.o [1]
  .text              ro code  0x08008790    0x3c  clock.o [1]
  .text              ro code  0x080087cc    0xc0  cpuport.o [1]
  .text              ro code  0x0800888c     0xc  errno.o [3]
  .text              ro code  0x08008898    0x12  finsh_token.o [1]
  .text              ro code  0x080088aa    0x12  finsh_token.o [1]
  .text              ro code  0x080088bc     0x2  xtls.o [3]
  .text              ro code  0x080088c0   0x600  stm32f4xx_usart.o [1]
  .text              ro code  0x08008ec0    0x86  startup.o [1]
  .text              ro code  0x08008f48   0x1dc  stm32f4xx_rcc.o [1]
  .text              ro code  0x08009124    0xcc  board.o [1]
  .text              ro code  0x080091f0   0x280  application.o [1]
  .text              ro code  0x08009470   0x130  idle.o [1]
  .text              ro code  0x080095a0   0x164  misc.o [1]
  .text              ro code  0x08009704    0xec  usart.o [1]
  .text              ro code  0x080097f0   0x47c  stm32f4xx_gpio.o [1]
  .text              ro code  0x08009c6c    0x4e  FltToDbl.o [4]
  .text              ro code  0x08009cbc    0x34  sprintf.o [3]
  .text              ro code  0x08009cf0   0x4e0  serial.o [1]
  .text              ro code  0x0800a1d0   0x1d4  mempool.o [1]
  .text              ro code  0x0800a3a4   0x108  stm32f4xx_dma.o [1]
  .text              ro code  0x0800a4ac   0x180  system_stm32f4xx.o [1]
  .rodata            const    0x0800a62c   0x100  scheduler.o [1]
  .rodata            const    0x0800a72c    0xc4  finsh_ops.o [1]
  .rodata            const    0x0800a7f0    0x5c  mem.o [1]
  .rodata            const    0x0800a84c    0x5c  stm32f4xx_dma.o [1]
  .rodata            const    0x0800a8a8    0x5c  stm32f4xx_gpio.o [1]
  .rodata            const    0x0800a904    0x5c  stm32f4xx_rcc.o [1]
  .rodata            const    0x0800a960    0x5c  stm32f4xx_usart.o [1]
  .rodata            const    0x0800a9bc    0x50  misc.o [1]
  .rodata            const    0x0800aa0c    0x4c  cmd.o [1]
  .rodata            const    0x0800aa58    0x4c  mem.o [1]
  .rodata            const    0x0800aaa4    0x48  cmd.o [1]
  .rodata            const    0x0800aaec    0x48  mem.o [1]
  .rodata            const    0x0800ab34    0x40  cmd.o [1]
  .rodata            const    0x0800ab74    0x40  finsh_token.o [1]
  .rodata            const    0x0800abb4    0x3c  mem.o [1]
  .rodata            const    0x0800abf0    0x38  device.o [1]
  .rodata            const    0x0800ac28    0x38  scheduler.o [1]
  .rodata            const    0x0800ac60    0x30  kservice.o [1]
  .rodata            const    0x0800ac90    0x30  mem.o [1]
  .rodata            const    0x0800acc0    0x30  mem.o [1]
  .rodata            const    0x0800acf0    0x2c  cmd.o [1]
  .rodata            const    0x0800ad1c    0x2c  cmd.o [1]
  .rodata            const    0x0800ad48    0x2c  cmd.o [1]
  .rodata            const    0x0800ad74    0x2c  kservice.o [1]
  .rodata            const    0x0800ada0    0x2c  mem.o [1]
  .rodata            const    0x0800adcc    0x2c  object.o [1]
  .text              ro code  0x0800adf8    0x2c  data_init3.o [5]
  .rodata            const    0x0800ae24    0x28  cmd.o [1]
  .rodata            const    0x0800ae4c    0x28  cmd.o [1]
  .rodata            const    0x0800ae74    0x28  cmd.o [1]
  .rodata            const    0x0800ae9c    0x28  mem.o [1]
  .rodata            const    0x0800aec4    0x28  serial.o [1]
  .rodata            const    0x0800aeec    0x28  serial.o [1]
  .rodata            const    0x0800af14    0x28  startup.o [1]
  .text              ro code  0x0800af3c    0x26  stm32f4xx_it.o [1]
  .rodata            const    0x0800af64    0x24  cmd.o [1]
  .rodata            const    0x0800af88    0x24  cmd.o [1]
  .rodata            const    0x0800afac    0x24  cmd.o [1]
  .rodata            const    0x0800afd0    0x24  cmd.o [1]
  .rodata            const    0x0800aff4    0x24  cmd.o [1]
  .rodata            const    0x0800b018    0x24  idle.o [1]
  .rodata            const    0x0800b03c    0x24  ipc.o [1]
  .rodata            const    0x0800b060    0x24  kservice.o [1]
  .rodata            const    0x0800b084    0x24  mem.o [1]
  .rodata            const    0x0800b0a8    0x24  mempool.o [1]
  .rodata            const    0x0800b0cc    0x24  object.o [1]
  .rodata            const    0x0800b0f0    0x24  thread.o [1]
  .rodata            const    0x0800b114    0x24  thread.o [1]
  .rodata            const    0x0800b138    0x24  timer.o [1]
  .iar.init_table    const    0x0800b15c    0x24  - Linker created -
  .rodata            const    0x0800b180    0x20  cmd.o [1]
  .rodata            const    0x0800b1a0    0x20  cmd.o [1]
  .rodata            const    0x0800b1c0    0x20  cmd.o [1]
  .rodata            const    0x0800b1e0    0x20  cmd.o [1]
  .rodata            const    0x0800b200    0x20  device.o [1]
  .rodata            const    0x0800b220    0x20  idle.o [1]
  .rodata            const    0x0800b240    0x20  ipc.o [1]
  .rodata            const    0x0800b260    0x20  kservice.o [1]
  .rodata            const    0x0800b280    0x20  mem.o [1]
  .rodata            const    0x0800b2a0    0x20  mem.o [1]
  .rodata            const    0x0800b2c0    0x20  mempool.o [1]
  .rodata            const    0x0800b2e0    0x20  object.o [1]
  .rodata            const    0x0800b300    0x20  scheduler.o [1]
  .rodata            const    0x0800b320    0x20  serial.o [1]
  .rodata            const    0x0800b340    0x20  shell.o [1]
  .rodata            const    0x0800b360    0x20  shell.o [1]
  .rodata            const    0x0800b380    0x20  thread.o [1]
  .rodata            const    0x0800b3a0    0x20  thread.o [1]
  .rodata            const    0x0800b3c0    0x20  timer.o [1]
  .rodata            const    0x0800b3e0    0x1c  cmd.o [1]
  .rodata            const    0x0800b3fc    0x1c  cmd.o [1]
  .rodata            const    0x0800b418    0x1c  cpuport.o [1]
  .rodata            const    0x0800b434    0x1c  device.o [1]
  .rodata            const    0x0800b450    0x1c  mem.o [1]
  .rodata            const    0x0800b46c    0x1c  object.o [1]
  .rodata            const    0x0800b488    0x1c  scheduler.o [1]
  .rodata            const    0x0800b4a4    0x1c  scheduler.o [1]
  .rodata            const    0x0800b4c0    0x1c  scheduler.o [1]
  .rodata            const    0x0800b4dc    0x1c  scheduler.o [1]
  .text              ro code  0x0800b4f8    0x1a  fpinit_M.o [4]
  .rodata            const    0x0800b514    0x18  cmd.o [1]
  .rodata            const    0x0800b52c    0x18  cmd.o [1]
  .rodata            const    0x0800b544    0x18  cmd.o [1]
  .rodata            const    0x0800b55c    0x18  cmd.o [1]
  .rodata            const    0x0800b574    0x18  cmd.o [1]
  .rodata            const    0x0800b58c    0x18  cmd.o [1]
  .rodata            const    0x0800b5a4    0x18  cmd.o [1]
  .rodata            const    0x0800b5bc    0x18  cmd.o [1]
  .rodata            const    0x0800b5d4    0x18  idle.o [1]
  .rodata            const    0x0800b5ec    0x18  serial.o [1]
  .rodata            const    0x0800b604    0x18  serial.o [1]
  .rodata            const    0x0800b61c    0x18  serial.o [1]
  .rodata            const    0x0800b634    0x18  shell.o [1]
  .rodata            const    0x0800b64c    0x18  thread.o [1]
  .text              ro code  0x0800b664    0x16  cmain.o [5]
  .text              ro code  0x0800b67a     0x4  low_level_init.o [3]
  .text              ro code  0x0800b67e     0x4  exit.o [3]
  .text              ro code  0x0800b684     0xa  cexit.o [5]
  .text              ro code  0x0800b690    0x14  exit.o [6]
  .rodata            const    0x0800b6a4    0x14  cmd.o [1]
  .rodata            const    0x0800b6b8    0x14  cmd.o [1]
  .rodata            const    0x0800b6cc    0x14  cmd.o [1]
  .rodata            const    0x0800b6e0    0x14  cmd.o [1]
  .rodata            const    0x0800b6f4    0x14  cmd.o [1]
  .rodata            const    0x0800b708    0x14  cmd.o [1]
  .rodata            const    0x0800b71c    0x14  cmd.o [1]
  .rodata            const    0x0800b730    0x14  cmd.o [1]
  .rodata            const    0x0800b744    0x14  cmd.o [1]
  .rodata            const    0x0800b758    0x14  cmd.o [1]
  .rodata            const    0x0800b76c    0x14  cmd.o [1]
  .rodata            const    0x0800b780    0x14  cmd.o [1]
  .rodata            const    0x0800b794    0x14  finsh_error.o [1]
  .rodata            const    0x0800b7a8    0x14  finsh_error.o [1]
  .rodata            const    0x0800b7bc    0x14  finsh_error.o [1]
  .rodata            const    0x0800b7d0    0x14  finsh_error.o [1]
  .rodata            const    0x0800b7e4    0x14  kservice.o [1]
  .rodata            const    0x0800b7f8    0x14  kservice.o [1]
  .rodata            const    0x0800b80c    0x14  mem.o [1]
  .rodata            const    0x0800b820    0x14  object.o [1]
  .rodata            const    0x0800b834    0x14  object.o [1]
  .rodata            const    0x0800b848    0x14  object.o [1]
  .rodata            const    0x0800b85c    0x14  object.o [1]
  .rodata            const    0x0800b870    0x14  scheduler.o [1]
  .rodata            const    0x0800b884    0x14  serial.o [1]
  .rodata            const    0x0800b898    0x14  serial.o [1]
  .rodata            const    0x0800b8ac    0x14  serial.o [1]
  .rodata            const    0x0800b8c0    0x14  shell.o [1]
  .rodata            const    0x0800b8d4    0x14  shell.o [1]
  .rodata            const    0x0800b8e8    0x14  shell.o [1]
  .rodata            const    0x0800b8fc    0x14  startup.o [1]
  .rodata            const    0x0800b910    0x14  startup.o [1]
  .rodata            const    0x0800b924    0x14  thread.o [1]
  .rodata            const    0x0800b938    0x14  thread.o [1]
  .rodata            const    0x0800b94c    0x14  thread.o [1]
  .rodata            const    0x0800b960    0x14  thread.o [1]
  .rodata            const    0x0800b974    0x14  thread.o [1]
  .rodata            const    0x0800b988    0x14  timer.o [1]
  .rodata            const    0x0800b99c    0x14  timer.o [1]
  .rodata            const    0x0800b9b0    0x10  cmd.o [1]
  .rodata            const    0x0800b9c0    0x10  cmd.o [1]
  .rodata            const    0x0800b9d0    0x10  cmd.o [1]
  .rodata            const    0x0800b9e0    0x10  cmd.o [1]
  .rodata            const    0x0800b9f0    0x10  cmd.o [1]
  .rodata            const    0x0800ba00    0x10  cmd.o [1]
  .rodata            const    0x0800ba10    0x10  cmd.o [1]
  .rodata            const    0x0800ba20    0x10  cmd.o [1]
  .rodata            const    0x0800ba30    0x10  cmd.o [1]
  .rodata            const    0x0800ba40    0x10  cpuport.o [1]
  .rodata            const    0x0800ba50    0x10  cpuport.o [1]
  .rodata            const    0x0800ba60    0x10  cpuport.o [1]
  .rodata            const    0x0800ba70    0x10  cpuport.o [1]
  .rodata            const    0x0800ba80    0x10  cpuport.o [1]
  .rodata            const    0x0800ba90    0x10  cpuport.o [1]
  .rodata            const    0x0800baa0    0x10  cpuport.o [1]
  .rodata            const    0x0800bab0    0x10  cpuport.o [1]
  .rodata            const    0x0800bac0    0x10  device.o [1]
  .rodata            const    0x0800bad0    0x10  device.o [1]
  .rodata            const    0x0800bae0    0x10  device.o [1]
  .rodata            const    0x0800baf0    0x10  device.o [1]
  .rodata            const    0x0800bb00    0x10  device.o [1]
  .rodata            const    0x0800bb10    0x10  finsh_error.o [1]
  .rodata            const    0x0800bb20    0x10  finsh_error.o [1]
  .rodata            const    0x0800bb30    0x10  finsh_error.o [1]
  .rodata            const    0x0800bb40    0x10  finsh_error.o [1]
  .rodata            const    0x0800bb50    0x10  finsh_error.o [1]
  .rodata            const    0x0800bb60    0x10  finsh_error.o [1]
  .rodata            const    0x0800bb70    0x10  finsh_error.o [1]
  .rodata            const    0x0800bb80    0x10  finsh_error.o [1]
  .rodata            const    0x0800bb90    0x10  ipc.o [1]
  .rodata            const    0x0800bba0    0x10  mem.o [1]
  .rodata            const    0x0800bbb0    0x10  mempool.o [1]
  .rodata            const    0x0800bbc0    0x10  serial.o [1]
  .rodata            const    0x0800bbd0    0x10  serial.o [1]
  .rodata            const    0x0800bbe0    0x10  serial.o [1]
  .rodata            const    0x0800bbf0    0x10  shell.o [1]
  .rodata            const    0x0800bc00    0x10  shell.o [1]
  .rodata            const    0x0800bc10    0x10  thread.o [1]
  .rodata            const    0x0800bc20    0x10  thread.o [1]
  .rodata            const    0x0800bc30    0x10  thread.o [1]
  .rodata            const    0x0800bc40    0x10  timer.o [1]
  .rodata            const    0x0800bc50    0x10  timer.o [1]
  .text              ro code  0x0800bc60    0x10  startup_stm32f4xx.o [1]
  .rodata            const    0x0800bc70     0xc  cmd.o [1]
  .rodata            const    0x0800bc7c     0xc  cmd.o [1]
  .rodata            const    0x0800bc88     0xc  cmd.o [1]
  .rodata            const    0x0800bc94     0xc  cmd.o [1]
  .rodata            const    0x0800bca0     0xc  cmd.o [1]
  .rodata            const    0x0800bcac     0xc  cmd.o [1]
  .rodata            const    0x0800bcb8     0xc  cmd.o [1]
  .rodata            const    0x0800bcc4     0xc  cmd.o [1]
  .rodata            const    0x0800bcd0     0xc  cmd.o [1]
  .rodata            const    0x0800bcdc     0xc  finsh_error.o [1]
  .rodata            const    0x0800bce8     0xc  finsh_error.o [1]
  .rodata            const    0x0800bcf4     0xc  finsh_error.o [1]
  .rodata            const    0x0800bd00     0xc  finsh_token.o [1]
  .rodata            const    0x0800bd0c     0xc  ipc.o [1]
  .rodata            const    0x0800bd18     0xc  ipc.o [1]
  .rodata            const    0x0800bd24     0xc  kservice.o [1]
  .rodata            const    0x0800bd30     0xc  kservice.o [1]
  .rodata            const    0x0800bd3c     0xc  mem.o [1]
  .rodata            const    0x0800bd48     0xc  mem.o [1]
  .rodata            const    0x0800bd54     0xc  mem.o [1]
  .rodata            const    0x0800bd60     0xc  mempool.o [1]
  .rodata            const    0x0800bd6c     0xc  mempool.o [1]
  .rodata            const    0x0800bd78     0xc  symbol.o [1]
  .rodata            const    0x0800bd84     0xc  symbol.o [1]
  .rodata            const    0x0800bd90     0xc  symbol.o [1]
  .rodata            const    0x0800bd9c     0xc  symbol.o [1]
  .rodata            const    0x0800bda8     0xc  symbol.o [1]
  .rodata            const    0x0800bdb4     0xc  symbol.o [1]
  .rodata            const    0x0800bdc0     0xc  symbol.o [1]
  .text              ro code  0x0800bdcc     0xc  cstartup_M.o [5]
  .rodata            const    0x0800bdd8     0x8  application.o [1]
  .rodata            const    0x0800bde0     0x8  application.o [1]
  .rodata            const    0x0800bde8     0x8  application.o [1]
  .rodata            const    0x0800bdf0     0x8  board.o [1]
  .rodata            const    0x0800bdf8     0x8  cmd.o [1]
  .rodata            const    0x0800be00     0x8  cmd.o [1]
  .rodata            const    0x0800be08     0x8  cmd.o [1]
  .rodata            const    0x0800be10     0x8  cmd.o [1]
  .rodata            const    0x0800be18     0x8  cmd.o [1]
  .rodata            const    0x0800be20     0x8  finsh_token.o [1]
  .rodata            const    0x0800be28     0x8  finsh_token.o [1]
  .rodata            const    0x0800be30     0x8  finsh_token.o [1]
  .rodata            const    0x0800be38     0x8  finsh_token.o [1]
  .rodata            const    0x0800be40     0x8  finsh_token.o [1]
  .rodata            const    0x0800be48     0x8  finsh_token.o [1]
  .rodata            const    0x0800be50     0x8  idle.o [1]
  .rodata            const    0x0800be58     0x8  kservice.o [1]
  .rodata            const    0x0800be60     0x8  mem.o [1]
  .rodata            const    0x0800be68     0x8  mem.o [1]
  .rodata            const    0x0800be70     0x8  shell.o [1]
  .rodata            const    0x0800be78     0x8  shell.o [1]
  .rodata            const    0x0800be80     0x8  shell.o [1]
  .rodata            const    0x0800be88     0x8  shell.o [1]
  .rodata            const    0x0800be90     0x8  shell.o [1]
  .rodata            const    0x0800be98     0x8  shell.o [1]
  .rodata            const    0x0800bea0     0x8  startup.o [1]
  .rodata            const    0x0800bea8     0x8  symbol.o [1]
  .rodata            const    0x0800beb0     0x8  symbol.o [1]
  .rodata            const    0x0800beb8     0x8  symbol.o [1]
  .rodata            const    0x0800bec0     0x8  symbol.o [1]
  .rodata            const    0x0800bec8     0x8  symbol.o [1]
  .rodata            const    0x0800bed0     0x8  usart.o [1]
  .rodata            const    0x0800bed8     0x4  cmd.o [1]
  .rodata            const    0x0800bedc     0x4  finsh_token.o [1]
  .text              ro code  0x0800bee0     0x4  startup_stm32f4xx.o [1]
  .text              ro code  0x0800bee4     0x4  startup_stm32f4xx.o [1]
  .text              ro code  0x0800bee8     0x4  startup_stm32f4xx.o [1]
  .text              ro code  0x0800beec     0x4  startup_stm32f4xx.o [1]
  .text              ro code  0x0800bef0     0x4  startup_stm32f4xx.o [1]
  .text              ro code  0x0800bef4     0x4  startup_stm32f4xx.o [1]
  .text              ro code  0x0800bef8     0x4  startup_stm32f4xx.o [1]
  .text              ro code  0x0800befc     0x4  startup_stm32f4xx.o [1]
  .text              ro code  0x0800bf00     0x4  startup_stm32f4xx.o [1]
  .text              ro code  0x0800bf04     0x4  startup_stm32f4xx.o [1]
  .text              ro code  0x0800bf08     0x4  startup_stm32f4xx.o [1]
  .text              ro code  0x0800bf0c     0x4  startup_stm32f4xx.o [1]
  .text              ro code  0x0800bf10     0x4  startup_stm32f4xx.o [1]
  .text              ro code  0x0800bf14     0x4  startup_stm32f4xx.o [1]
  .text              ro code  0x0800bf18     0x4  startup_stm32f4xx.o [1]
  .text              ro code  0x0800bf1c     0x4  startup_stm32f4xx.o [1]
  .text              ro code  0x0800bf20     0x4  startup_stm32f4xx.o [1]
  .text              ro code  0x0800bf24     0x4  startup_stm32f4xx.o [1]
  .text              ro code  0x0800bf28     0x4  startup_stm32f4xx.o [1]
  .text              ro code  0x0800bf2c     0x4  startup_stm32f4xx.o [1]
  .text              ro code  0x0800bf30     0x4  startup_stm32f4xx.o [1]
  .text              ro code  0x0800bf34     0x4  startup_stm32f4xx.o [1]
  .text              ro code  0x0800bf38     0x4  startup_stm32f4xx.o [1]
  .text              ro code  0x0800bf3c     0x4  startup_stm32f4xx.o [1]
  .text              ro code  0x0800bf40     0x4  startup_stm32f4xx.o [1]
  .text              ro code  0x0800bf44     0x4  startup_stm32f4xx.o [1]
  .text              ro code  0x0800bf48     0x4  startup_stm32f4xx.o [1]
  .text              ro code  0x0800bf4c     0x4  startup_stm32f4xx.o [1]
  .text              ro code  0x0800bf50     0x4  startup_stm32f4xx.o [1]
  .text              ro code  0x0800bf54     0x4  startup_stm32f4xx.o [1]
  .text              ro code  0x0800bf58     0x4  startup_stm32f4xx.o [1]
  .text              ro code  0x0800bf5c     0x4  startup_stm32f4xx.o [1]
  .text              ro code  0x0800bf60     0x4  startup_stm32f4xx.o [1]
  .text              ro code  0x0800bf64     0x4  startup_stm32f4xx.o [1]
  .text              ro code  0x0800bf68     0x4  startup_stm32f4xx.o [1]
  .text              ro code  0x0800bf6c     0x4  startup_stm32f4xx.o [1]
  .text              ro code  0x0800bf70     0x4  startup_stm32f4xx.o [1]
  .text              ro code  0x0800bf74     0x4  startup_stm32f4xx.o [1]
  .text              ro code  0x0800bf78     0x4  startup_stm32f4xx.o [1]
  .text              ro code  0x0800bf7c     0x4  startup_stm32f4xx.o [1]
  .text              ro code  0x0800bf80     0x4  startup_stm32f4xx.o [1]
  .text              ro code  0x0800bf84     0x4  startup_stm32f4xx.o [1]
  .text              ro code  0x0800bf88     0x4  startup_stm32f4xx.o [1]
  .text              ro code  0x0800bf8c     0x4  startup_stm32f4xx.o [1]
  .text              ro code  0x0800bf90     0x4  startup_stm32f4xx.o [1]
  .text              ro code  0x0800bf94     0x4  startup_stm32f4xx.o [1]
  .text              ro code  0x0800bf98     0x4  startup_stm32f4xx.o [1]
  .text              ro code  0x0800bf9c     0x4  startup_stm32f4xx.o [1]
  .text              ro code  0x0800bfa0     0x4  startup_stm32f4xx.o [1]
  .text              ro code  0x0800bfa4     0x4  startup_stm32f4xx.o [1]
  .text              ro code  0x0800bfa8     0x4  startup_stm32f4xx.o [1]
  .text              ro code  0x0800bfac     0x4  startup_stm32f4xx.o [1]
  .text              ro code  0x0800bfb0     0x4  startup_stm32f4xx.o [1]
  .text              ro code  0x0800bfb4     0x4  startup_stm32f4xx.o [1]
  .text              ro code  0x0800bfb8     0x4  startup_stm32f4xx.o [1]
  .text              ro code  0x0800bfbc     0x4  startup_stm32f4xx.o [1]
  .text              ro code  0x0800bfc0     0x4  startup_stm32f4xx.o [1]
  .text              ro code  0x0800bfc4     0x4  startup_stm32f4xx.o [1]
  .text              ro code  0x0800bfc8     0x4  startup_stm32f4xx.o [1]
  .text              ro code  0x0800bfcc     0x4  startup_stm32f4xx.o [1]
  .text              ro code  0x0800bfd0     0x4  startup_stm32f4xx.o [1]
  .text              ro code  0x0800bfd4     0x4  startup_stm32f4xx.o [1]
  .text              ro code  0x0800bfd8     0x4  startup_stm32f4xx.o [1]
  .text              ro code  0x0800bfdc     0x4  startup_stm32f4xx.o [1]
  .text              ro code  0x0800bfe0     0x4  startup_stm32f4xx.o [1]
  .text              ro code  0x0800bfe4     0x4  startup_stm32f4xx.o [1]
  .text              ro code  0x0800bfe8     0x4  startup_stm32f4xx.o [1]
  .text              ro code  0x0800bfec     0x4  startup_stm32f4xx.o [1]
  .text              ro code  0x0800bff0     0x4  startup_stm32f4xx.o [1]
  .text              ro code  0x0800bff4     0x4  startup_stm32f4xx.o [1]
  .text              ro code  0x0800bff8     0x4  startup_stm32f4xx.o [1]
  .text              ro code  0x0800bffc     0x4  startup_stm32f4xx.o [1]
  .text              ro code  0x0800c000     0x4  startup_stm32f4xx.o [1]
  .text              ro code  0x0800c004     0x4  startup_stm32f4xx.o [1]
  .text              ro code  0x0800c008     0x4  startup_stm32f4xx.o [1]
  .text              ro code  0x0800c00c     0x4  startup_stm32f4xx.o [1]
  .text              ro code  0x0800c010     0x4  startup_stm32f4xx.o [1]
  .text              ro code  0x0800c014     0x4  startup_stm32f4xx.o [1]
  .text              ro code  0x0800c018     0x4  startup_stm32f4xx.o [1]
  .text              ro code  0x0800c01c     0x4  startup_stm32f4xx.o [1]
  .text              ro code  0x0800c020     0x4  startup_stm32f4xx.o [1]
  .text              ro code  0x0800c024     0x4  startup_stm32f4xx.o [1]
  .text              ro code  0x0800c028     0x4  startup_stm32f4xx.o [1]
  .text              ro code  0x0800c02c     0x4  startup_stm32f4xx.o [1]
  .text              ro code  0x0800c030     0x4  startup_stm32f4xx.o [1]
  .text              ro code  0x0800c034     0x4  startup_stm32f4xx.o [1]
  .text              ro code  0x0800c038     0x4  startup_stm32f4xx.o [1]
  .text              ro code  0x0800c03c     0x4  startup_stm32f4xx.o [1]
  .text              ro code  0x0800c040     0x4  startup_stm32f4xx.o [1]
  .text              ro code  0x0800c044     0x4  startup_stm32f4xx.o [1]
  .text              ro code  0x0800c048     0x4  startup_stm32f4xx.o [1]
  .rodata            const    0x0800c04c     0x0  bwt_init3c.o [5]
  Initializer bytes  ro data  0x0800c04c   0x158  <for P2 s0>
                            - 0x0800c1a4  0xc01c

"P2", part 1 of 3:                         0x158
  P2 s0                       0x20000000   0x158  <Init block>
    .data            inited   0x20000000    0x90  object.o [1]
    .data            inited   0x20000090    0x60  symbol.o [1]
    .data            inited   0x200000f0    0x3c  finsh_error.o [1]
    .data            inited   0x2000012c    0x10  stm32f4xx_rcc.o [1]
    .data            inited   0x2000013c     0xc  usart.o [1]
    .data            inited   0x20000148     0x8  timer.o [1]
    .data            inited   0x20000150     0x4  symbol.o [1]
    .data            inited   0x20000154     0x4  symbol.o [1]
                            - 0x20000158   0x158

"P2", part 2 of 3:                        0x1ce0
  .bss               zero     0x20000158   0x800  shell.o [1]
  .bss               zero     0x20000958   0x400  application.o [1]
  .bss               zero     0x20000d58   0x400  application.o [1]
  .bss               zero     0x20001158   0x400  idle.o [1]
  .bss               zero     0x20001558   0x140  finsh_node.o [1]
  .bss               zero     0x20001698   0x100  finsh_vm.o [1]
  .bss               zero     0x20001798   0x100  scheduler.o [1]
  .bss               zero     0x20001898    0xc0  finsh_var.o [1]
  .bss               zero     0x20001958    0x80  application.o [1]
  .bss               zero     0x200019d8    0x80  application.o [1]
  .bss               zero     0x20001a58    0x80  finsh_heap.o [1]
  .bss               zero     0x20001ad8    0x80  finsh_vm.o [1]
  .bss               zero     0x20001b58    0x80  idle.o [1]
  .bss               zero     0x20001bd8    0x80  kservice.o [1]
  .bss               zero     0x20001c58    0x80  shell.o [1]
  .bss               zero     0x20001cd8    0x48  usart.o [1]
  .bss               zero     0x20001d20    0x40  usart.o [1]
  .bss               zero     0x20001d60    0x20  mem.o [1]
  .bss               zero     0x20001d80     0x8  scheduler.o [1]
  .bss               zero     0x20001d88     0x4  application.o [1]
  .bss               zero     0x20001d8c     0x4  application.o [1]
  .bss               zero     0x20001d90     0x4  application.o [1]
  .bss               zero     0x20001d94     0x4  application.o [1]
  .bss               zero     0x20001d98     0x4  clock.o [1]
  .bss               zero     0x20001d9c     0x4  cpuport.o [1]
  .bss               zero     0x20001da0     0x4  cpuport.o [1]
  .bss               zero     0x20001da4     0x4  cpuport.o [1]
  .bss               zero     0x20001da8     0x4  finsh_compiler.o [1]
  .bss               zero     0x20001dac     0x4  finsh_compiler.o [1]
  .bss               zero     0x20001db0     0x4  finsh_heap.o [1]
  .bss               zero     0x20001db4     0x4  finsh_heap.o [1]
  .bss               zero     0x20001db8     0x4  finsh_var.o [1]
  .bss               zero     0x20001dbc     0x4  finsh_vm.o [1]
  .bss               zero     0x20001dc0     0x4  finsh_vm.o [1]
  .bss               zero     0x20001dc4     0x4  finsh_vm.o [1]
  .bss               zero     0x20001dc8     0x4  idle.o [1]
  .bss               zero     0x20001dcc     0x4  kservice.o [1]
  .bss               zero     0x20001dd0     0x4  kservice.o [1]
  .bss               zero     0x20001dd4     0x4  mem.o [1]
  .bss               zero     0x20001dd8     0x4  mem.o [1]
  .bss               zero     0x20001ddc     0x4  mem.o [1]
  .bss               zero     0x20001de0     0x4  mem.o [1]
  .bss               zero     0x20001de4     0x4  mem.o [1]
  .bss               zero     0x20001de8     0x4  mem.o [1]
  .bss               zero     0x20001dec     0x4  mem.o [1]
  .bss               zero     0x20001df0     0x4  mem.o [1]
  .bss               zero     0x20001df4     0x4  mempool.o [1]
  .bss               zero     0x20001df8     0x4  object.o [1]
  .bss               zero     0x20001dfc     0x4  object.o [1]
  .bss               zero     0x20001e00     0x4  object.o [1]
  .bss               zero     0x20001e04     0x4  object.o [1]
  .bss               zero     0x20001e08     0x4  object.o [1]
  .bss               zero     0x20001e0c     0x4  scheduler.o [1]
  .bss               zero     0x20001e10     0x4  scheduler.o [1]
  .bss               zero     0x20001e14     0x4  scheduler.o [1]
  .bss               zero     0x20001e18     0x4  shell.o [1]
  .bss               zero     0x20001e1c     0x4  symbol.o [1]
  .bss               zero     0x20001e20     0x4  symbol.o [1]
  .bss               zero     0x20001e24     0x4  timer.o [1]
  __DLIB_PERTHREAD   zero     0x20001e28     0x4  errno.o [3]
  .bss               zero     0x20001e2c     0x2  scheduler.o [1]
  .bss               zero     0x20001e2e     0x1  finsh_error.o [1]
  .bss               zero     0x20001e2f     0x1  irq.o [1]
  .bss               zero     0x20001e30     0x1  scheduler.o [1]
                            - 0x20001e31  0x1cd9

"P2", part 3 of 3:                         0x600
  CSTACK                      0x20001e38   0x400  <Block>
    CSTACK           uninit   0x20001e38   0x400  <Block tail>
  HEAP                        0x20002238   0x200  <Block>
    HEAP             uninit   0x20002238   0x200  <Block tail>
                            - 0x20002438   0x600


*******************************************************************************
*** INIT TABLE
***

          Address     Size
          -------     ----
Zero (__iar_zero_init3)
    1 destination range, total size 0x1cd9:
          0x20000158  0x1cd9

Copy (__iar_copy_init3)
    1 source range, total size 0x158:
          0x0800c04c   0x158
    1 destination range, total size 0x158:
          0x20000000   0x158



*******************************************************************************
*** MODULE SUMMARY
***

    Module               ro code  ro data  rw data
    ------               -------  -------  -------
E:\temp\rt-thread\bsp\stm32f40x\Debug\Obj: [1]
    application.o            640       24    2 320
    board.o                  204        8
    clock.o                   60                 4
    cmd.o                  2 184    1 556
    context_iar.o            204
    cpuport.o                192      156       12
    device.o                 668      196
    finsh_compiler.o       6 512                 8
    finsh_error.o             44      304       61
    finsh_heap.o             558               136
    finsh_init.o              62
    finsh_node.o             416               320
    finsh_ops.o            2 856      196
    finsh_parser.o         2 582
    finsh_token.o          1 838      128
    finsh_var.o              284               196
    finsh_vm.o               184               396
    idle.o                   304      100    1 156
    ipc.o                    632      108
    irq.o                     64                 1
    kservice.o             1 768      232      136
    mem.o                  1 696      696       64
    mempool.o                468      108        4
    misc.o                   356       80
    object.o                 556      364      164
    scheduler.o              868      476      279
    serial.o               1 248      292
    shell.o                1 608      228    2 180
    startup.o                134       88
    startup_stm32f4xx.o      772
    stm32f4xx_dma.o          264       92
    stm32f4xx_gpio.o       1 148       92
    stm32f4xx_it.o            38
    stm32f4xx_rcc.o          476      108       16
    stm32f4xx_usart.o      1 536       92
    symbol.o                          228      112
    system_stm32f4xx.o       384
    tcp_out.o                 22
    thread.o               1 248      308
    timer.o                  640      148       12
    udp.o                     22
    usart.o                  236       20      148
    ----------------------------------------------
    Total:                35 976    6 428    7 725

command line: [2]
    ----------------------------------------------
    Total:

dl7M_tln.a: [3]
    atoi.o                     8
    div.o                     14
    errno.o                   12                 4
    exit.o                     4
    low_level_init.o           4
    sprintf.o                 52
    strncmp.o                 42
    xprintffull.o          3 358
    xsprout.o                 10
    xstoul.o                 376
    xtls.o                     2
    ----------------------------------------------
    Total:                 3 882                 4

m7M_tlv.a: [4]
    DblAdd.o                 212
    DblCmpGe.o                46
    DblCmpLe.o                46
    DblDiv.o                 582
    DblMul.o                 418
    DblSub.o                 384
    DblToI32.o                88
    FltToDbl.o                78
    I32ToDbl.o                48
    fpinit_M.o                26
    xdnorm.o                  68
    xdscale.o                294
    ----------------------------------------------
    Total:                 2 290

rt7M_tl.a: [5]
    ABImemcpy.o              118
    ABImemset.o              102
    I64DivMod.o              238
    I64DivZer.o                2
    bwt_init3c.o
    cexit.o                   10
    cmain.o                   22
    copy_init3.o              46
    cstartup_M.o              12
    data_init3.o              44
    memchr.o                  88
    strchr.o                  22
    strlen.o                  54
    strncpy.o                108
    zero_init3.o              34
    ----------------------------------------------
    Total:                   900

shb_l.a: [6]
    exit.o                    20
    ----------------------------------------------
    Total:                    20

    Gaps                      36        4
    Linker created                     36    1 536
--------------------------------------------------
    Grand Total:          43 104    6 468    9 265


*******************************************************************************
*** ENTRY LIST
***

Entry                      Address    Size  Type      Object
-----                      -------    ----  ----      ------
?main                   0x0800b665          Code  Gb  cmain.o [5]
ADC_IRQHandler          0x0800bf4d          Code  Wk  startup_stm32f4xx.o [1]
APBAHBPrescTable        0x2000012c    0x10  Data  Lc  stm32f4xx_rcc.o [1]
BusFault_Handler        0x0800af41     0x2  Code  Gb  stm32f4xx_it.o [1]
CAN1_RX0_IRQHandler     0x0800bf55          Code  Wk  startup_stm32f4xx.o [1]
CAN1_RX1_IRQHandler     0x0800bf59          Code  Wk  startup_stm32f4xx.o [1]
CAN1_SCE_IRQHandler     0x0800bf5d          Code  Wk  startup_stm32f4xx.o [1]
CAN1_TX_IRQHandler      0x0800bf51          Code  Wk  startup_stm32f4xx.o [1]
CAN2_RX0_IRQHandler     0x0800c005          Code  Wk  startup_stm32f4xx.o [1]
CAN2_RX1_IRQHandler     0x0800c009          Code  Wk  startup_stm32f4xx.o [1]
CAN2_SCE_IRQHandler     0x0800c00d          Code  Wk  startup_stm32f4xx.o [1]
CAN2_TX_IRQHandler      0x0800c001          Code  Wk  startup_stm32f4xx.o [1]
CRYP_IRQHandler         0x0800c041          Code  Wk  startup_stm32f4xx.o [1]
CSTACK$$Base            0x20001e38           --   Gb  - Linker created -
CSTACK$$Limit           0x20002238           --   Gb  - Linker created -
DCMI_IRQHandler         0x0800c03d          Code  Wk  startup_stm32f4xx.o [1]
DMA1_Stream0_IRQHandler
                        0x0800bf31          Code  Wk  startup_stm32f4xx.o [1]
DMA1_Stream1_IRQHandler
                        0x0800bf35          Code  Wk  startup_stm32f4xx.o [1]
DMA1_Stream2_IRQHandler
                        0x0800bf39          Code  Wk  startup_stm32f4xx.o [1]
DMA1_Stream3_IRQHandler
                        0x0800bf3d          Code  Wk  startup_stm32f4xx.o [1]
DMA1_Stream4_IRQHandler
                        0x0800bf41          Code  Wk  startup_stm32f4xx.o [1]
DMA1_Stream5_IRQHandler
                        0x0800bf45          Code  Wk  startup_stm32f4xx.o [1]
DMA1_Stream6_IRQHandler
                        0x0800bf49          Code  Wk  startup_stm32f4xx.o [1]
DMA1_Stream7_IRQHandler
                        0x0800bfc1          Code  Wk  startup_stm32f4xx.o [1]
DMA2_Stream0_IRQHandler
                        0x0800bfe5          Code  Wk  startup_stm32f4xx.o [1]
DMA2_Stream1_IRQHandler
                        0x0800bfe9          Code  Wk  startup_stm32f4xx.o [1]
DMA2_Stream2_IRQHandler
                        0x0800bfed          Code  Wk  startup_stm32f4xx.o [1]
DMA2_Stream3_IRQHandler
                        0x0800bff1          Code  Wk  startup_stm32f4xx.o [1]
DMA2_Stream4_IRQHandler
                        0x0800bff5          Code  Wk  startup_stm32f4xx.o [1]
DMA2_Stream5_IRQHandler
                        0x0800c015          Code  Wk  startup_stm32f4xx.o [1]
DMA2_Stream6_IRQHandler
                        0x0800c019          Code  Wk  startup_stm32f4xx.o [1]
DMA2_Stream7_IRQHandler
                        0x0800c01d          Code  Wk  startup_stm32f4xx.o [1]
DMA_Cmd                 0x0800a3a5    0xc4  Code  Gb  stm32f4xx_dma.o [1]
DMA_Configuration       0x0800977b     0x2  Code  Lc  usart.o [1]
DebugMon_Handler        0x0800af47     0x2  Code  Gb  stm32f4xx_it.o [1]
ETH_IRQHandler          0x0800bff9          Code  Wk  startup_stm32f4xx.o [1]
ETH_WKUP_IRQHandler     0x0800bffd          Code  Wk  startup_stm32f4xx.o [1]
EXTI0_IRQHandler        0x0800bf1d          Code  Wk  startup_stm32f4xx.o [1]
EXTI15_10_IRQHandler    0x0800bfa5          Code  Wk  startup_stm32f4xx.o [1]
EXTI1_IRQHandler        0x0800bf21          Code  Wk  startup_stm32f4xx.o [1]
EXTI2_IRQHandler        0x0800bf25          Code  Wk  startup_stm32f4xx.o [1]
EXTI3_IRQHandler        0x0800bf29          Code  Wk  startup_stm32f4xx.o [1]
EXTI4_IRQHandler        0x0800bf2d          Code  Wk  startup_stm32f4xx.o [1]
EXTI9_5_IRQHandler      0x0800bf61          Code  Wk  startup_stm32f4xx.o [1]
FLASH_IRQHandler        0x0800bf15          Code  Wk  startup_stm32f4xx.o [1]
FPU_IRQHandler          0x0800c049          Code  Wk  startup_stm32f4xx.o [1]
FSMC_IRQHandler         0x0800bfc5          Code  Wk  startup_stm32f4xx.o [1]
GPIO_Configuration      0x0800971b    0x3e  Code  Lc  usart.o [1]
GPIO_Init               0x080097f1   0x18a  Code  Gb  stm32f4xx_gpio.o [1]
GPIO_PinAFConfig        0x08009a59   0x1ec  Code  Gb  stm32f4xx_gpio.o [1]
GPIO_ResetBits          0x080099d7    0x5c  Code  Gb  stm32f4xx_gpio.o [1]
GPIO_SetBits            0x0800997b    0x5c  Code  Gb  stm32f4xx_gpio.o [1]
HASH_RNG_IRQHandler     0x0800c045          Code  Wk  startup_stm32f4xx.o [1]
HEAP$$Base              0x20002238           --   Gb  - Linker created -
HEAP$$Limit             0x20002438           --   Gb  - Linker created -
HardFault_Handler       0x0800817d          Code  Gb  context_iar.o [1]
I2C1_ER_IRQHandler      0x0800bf85          Code  Wk  startup_stm32f4xx.o [1]
I2C1_EV_IRQHandler      0x0800bf81          Code  Wk  startup_stm32f4xx.o [1]
I2C2_ER_IRQHandler      0x0800bf8d          Code  Wk  startup_stm32f4xx.o [1]
I2C2_EV_IRQHandler      0x0800bf89          Code  Wk  startup_stm32f4xx.o [1]
I2C3_ER_IRQHandler      0x0800c029          Code  Wk  startup_stm32f4xx.o [1]
I2C3_EV_IRQHandler      0x0800c025          Code  Wk  startup_stm32f4xx.o [1]
MemManage_Handler       0x0800af3f     0x2  Code  Gb  stm32f4xx_it.o [1]
NMI_Handler             0x0800af3d     0x2  Code  Gb  stm32f4xx_it.o [1]
NVIC_Configuration      0x08009179    0x16  Code  Gb  board.o [1]
NVIC_Configuration      0x08009759    0x22  Code  Lc  usart.o [1]
NVIC_Init               0x080095d7    0x9a  Code  Gb  misc.o [1]
NVIC_PriorityGroupConfig
                        0x080095a1    0x36  Code  Gb  misc.o [1]
NVIC_SetPriority        0x08009125    0x22  Code  Lc  board.o [1]
NVIC_SetVectorTable     0x08009671    0x34  Code  Gb  misc.o [1]
OP_add_byte             0x080033cf    0x30  Code  Gb  finsh_ops.o [1]
OP_add_dword            0x0800342f    0x30  Code  Gb  finsh_ops.o [1]
OP_add_word             0x080033ff    0x30  Code  Gb  finsh_ops.o [1]
OP_and_byte             0x080036b7    0x30  Code  Gb  finsh_ops.o [1]
OP_and_dword            0x08003717    0x30  Code  Gb  finsh_ops.o [1]
OP_and_word             0x080036e7    0x30  Code  Gb  finsh_ops.o [1]
OP_bw_byte              0x08003867    0x18  Code  Gb  finsh_ops.o [1]
OP_bw_dword             0x08003897    0x18  Code  Gb  finsh_ops.o [1]
OP_bw_word              0x0800387f    0x18  Code  Gb  finsh_ops.o [1]
OP_call                 0x08003c31   0x2ba  Code  Gb  finsh_ops.o [1]
OP_div_byte             0x080034ef    0x32  Code  Gb  finsh_ops.o [1]
OP_div_dword            0x08003553    0x32  Code  Gb  finsh_ops.o [1]
OP_div_word             0x08003521    0x32  Code  Gb  finsh_ops.o [1]
OP_ld_byte              0x080039cf    0x2e  Code  Gb  finsh_ops.o [1]
OP_ld_dword             0x08003a37    0x52  Code  Gb  finsh_ops.o [1]
OP_ld_value_byte        0x08003a89    0x56  Code  Gb  finsh_ops.o [1]
OP_ld_value_byte_stack  0x08003adf    0x1a  Code  Gb  finsh_ops.o [1]
OP_ld_value_dword       0x08003b69    0x4c  Code  Gb  finsh_ops.o [1]
OP_ld_value_dword_stack
                        0x08003bb5    0x16  Code  Gb  finsh_ops.o [1]
OP_ld_value_word        0x08003af9    0x56  Code  Gb  finsh_ops.o [1]
OP_ld_value_word_stack  0x08003b4f    0x1a  Code  Gb  finsh_ops.o [1]
OP_ld_word              0x080039fd    0x3a  Code  Gb  finsh_ops.o [1]
OP_mod_byte             0x08003585    0x36  Code  Gb  finsh_ops.o [1]
OP_mod_dword            0x080035f1    0x36  Code  Gb  finsh_ops.o [1]
OP_mod_word             0x080035bb    0x36  Code  Gb  finsh_ops.o [1]
OP_mul_byte             0x08003627    0x30  Code  Gb  finsh_ops.o [1]
OP_mul_dword            0x08003687    0x30  Code  Gb  finsh_ops.o [1]
OP_mul_word             0x08003657    0x30  Code  Gb  finsh_ops.o [1]
OP_no_op                0x080033cd     0x2  Code  Gb  finsh_ops.o [1]
OP_or_byte              0x08003747    0x30  Code  Gb  finsh_ops.o [1]
OP_or_dword             0x080037a7    0x30  Code  Gb  finsh_ops.o [1]
OP_or_word              0x08003777    0x30  Code  Gb  finsh_ops.o [1]
OP_pop                  0x08003c25     0xc  Code  Gb  finsh_ops.o [1]
OP_shl_byte             0x080038af    0x30  Code  Gb  finsh_ops.o [1]
OP_shl_dword            0x0800390f    0x30  Code  Gb  finsh_ops.o [1]
OP_shl_word             0x080038df    0x30  Code  Gb  finsh_ops.o [1]
OP_shr_byte             0x0800393f    0x30  Code  Gb  finsh_ops.o [1]
OP_shr_dword            0x0800399f    0x30  Code  Gb  finsh_ops.o [1]
OP_shr_word             0x0800396f    0x30  Code  Gb  finsh_ops.o [1]
OP_st_byte              0x08003bcb    0x1e  Code  Gb  finsh_ops.o [1]
OP_st_dword             0x08003c07    0x1e  Code  Gb  finsh_ops.o [1]
OP_st_word              0x08003be9    0x1e  Code  Gb  finsh_ops.o [1]
OP_sub_byte             0x0800345f    0x30  Code  Gb  finsh_ops.o [1]
OP_sub_dword            0x080034bf    0x30  Code  Gb  finsh_ops.o [1]
OP_sub_word             0x0800348f    0x30  Code  Gb  finsh_ops.o [1]
OP_xor_byte             0x080037d7    0x30  Code  Gb  finsh_ops.o [1]
OP_xor_dword            0x08003837    0x30  Code  Gb  finsh_ops.o [1]
OP_xor_word             0x08003807    0x30  Code  Gb  finsh_ops.o [1]
OTG_FS_IRQHandler       0x0800c011          Code  Wk  startup_stm32f4xx.o [1]
OTG_FS_WKUP_IRQHandler  0x0800bfad          Code  Wk  startup_stm32f4xx.o [1]
OTG_HS_EP1_IN_IRQHandler
                        0x0800c031          Code  Wk  startup_stm32f4xx.o [1]
OTG_HS_EP1_OUT_IRQHandler
                        0x0800c02d          Code  Wk  startup_stm32f4xx.o [1]
OTG_HS_IRQHandler       0x0800c039          Code  Wk  startup_stm32f4xx.o [1]
OTG_HS_WKUP_IRQHandler  0x0800c035          Code  Wk  startup_stm32f4xx.o [1]
PVD_IRQHandler          0x0800bf09          Code  Wk  startup_stm32f4xx.o [1]
PendSV_Handler          0x0800810d          Code  Gb  context_iar.o [1]
RCC_AHB1PeriphClockCmd  0x0800904b    0x58  Code  Gb  stm32f4xx_rcc.o [1]
RCC_APB1PeriphClockCmd  0x080090a3    0x58  Code  Gb  stm32f4xx_rcc.o [1]
RCC_Configuration       0x08009705    0x16  Code  Lc  usart.o [1]
RCC_GetClocksFreq       0x08008f49   0x102  Code  Gb  stm32f4xx_rcc.o [1]
RCC_IRQHandler          0x0800bf19          Code  Wk  startup_stm32f4xx.o [1]
RTC_Alarm_IRQHandler    0x0800bfa9          Code  Wk  startup_stm32f4xx.o [1]
RTC_WKUP_IRQHandler     0x0800bf11          Code  Wk  startup_stm32f4xx.o [1]
Region$$Table$$Base     0x0800b15c           --   Gb  - Linker created -
Region$$Table$$Limit    0x0800b180           --   Gb  - Linker created -
Reset_Handler           0x0800bc61          Code  Wk  startup_stm32f4xx.o [1]
SDIO_IRQHandler         0x0800bfc9          Code  Wk  startup_stm32f4xx.o [1]
SPI1_IRQHandler         0x0800bf91          Code  Wk  startup_stm32f4xx.o [1]
SPI2_IRQHandler         0x0800bf95          Code  Wk  startup_stm32f4xx.o [1]
SPI3_IRQHandler         0x0800bfd1          Code  Wk  startup_stm32f4xx.o [1]
SVC_Handler             0x0800af45     0x2  Code  Gb  stm32f4xx_it.o [1]
SetSysClock             0x0800a4ff    0xf4  Code  Lc  system_stm32f4xx.o [1]
SysTick_CLKSourceConfig
                        0x080096a5    0x36  Code  Gb  misc.o [1]
SysTick_Config          0x08009147    0x32  Code  Lc  board.o [1]
SysTick_Configuration   0x0800918f    0x24  Code  Gb  board.o [1]
SysTick_Handler         0x080091b3    0x10  Code  Gb  board.o [1]
SystemInit              0x0800a4ad    0x52  Code  Gb  system_stm32f4xx.o [1]
TAMP_STAMP_IRQHandler   0x0800bf0d          Code  Wk  startup_stm32f4xx.o [1]
TIM1_BRK_TIM9_IRQHandler
                        0x0800bf65          Code  Wk  startup_stm32f4xx.o [1]
TIM1_CC_IRQHandler      0x0800bf71          Code  Wk  startup_stm32f4xx.o [1]
TIM1_TRG_COM_TIM11_IRQHandler
                        0x0800bf6d          Code  Wk  startup_stm32f4xx.o [1]
TIM1_UP_TIM10_IRQHandler
                        0x0800bf69          Code  Wk  startup_stm32f4xx.o [1]
TIM2_IRQHandler         0x0800bf75          Code  Wk  startup_stm32f4xx.o [1]
TIM3_IRQHandler         0x0800bf79          Code  Wk  startup_stm32f4xx.o [1]
TIM4_IRQHandler         0x0800bf7d          Code  Wk  startup_stm32f4xx.o [1]
TIM5_IRQHandler         0x0800bfcd          Code  Wk  startup_stm32f4xx.o [1]
TIM6_DAC_IRQHandler     0x0800bfdd          Code  Wk  startup_stm32f4xx.o [1]
TIM7_IRQHandler         0x0800bfe1          Code  Wk  startup_stm32f4xx.o [1]
TIM8_BRK_TIM12_IRQHandler
                        0x0800bfb1          Code  Wk  startup_stm32f4xx.o [1]
TIM8_CC_IRQHandler      0x0800bfbd          Code  Wk  startup_stm32f4xx.o [1]
TIM8_TRG_COM_TIM14_IRQHandler
                        0x0800bfb9          Code  Wk  startup_stm32f4xx.o [1]
TIM8_UP_TIM13_IRQHandler
                        0x0800bfb5          Code  Wk  startup_stm32f4xx.o [1]
UART4_IRQHandler        0x0800bfd5          Code  Wk  startup_stm32f4xx.o [1]
UART5_IRQHandler        0x0800bfd9          Code  Wk  startup_stm32f4xx.o [1]
USART1_IRQHandler       0x0800af49     0x2  Code  Gb  stm32f4xx_it.o [1]
USART2_IRQHandler       0x0800af4b    0x12  Code  Gb  stm32f4xx_it.o [1]
USART3_IRQHandler       0x0800af61     0x2  Code  Gb  stm32f4xx_it.o [1]
USART6_IRQHandler       0x0800c021          Code  Wk  startup_stm32f4xx.o [1]
USART_ClearITPendingBit
                        0x08008dfb    0xaa  Code  Gb  stm32f4xx_usart.o [1]
USART_Cmd               0x08008ac7    0x76  Code  Gb  stm32f4xx_usart.o [1]
USART_GetITStatus       0x08008caf   0x14c  Code  Gb  stm32f4xx_usart.o [1]
USART_ITConfig          0x08008b61   0x14e  Code  Gb  stm32f4xx_usart.o [1]
USART_Init              0x080088c1   0x206  Code  Gb  stm32f4xx_usart.o [1]
UsageFault_Handler      0x0800af43     0x2  Code  Gb  stm32f4xx_it.o [1]
WWDG_IRQHandler         0x0800bf05          Code  Wk  startup_stm32f4xx.o [1]
_GenldFull              0x08002655   0x270  Code  Lc  xprintffull.o [3]
_LdtobFull              0x08002245   0x400  Code  Lc  xprintffull.o [3]
_LitobFull              0x0800211f   0x126  Code  Lc  xprintffull.o [3]
_LocaleC_isalpha        0x08007e51    0x22  Code  Gb  finsh_token.o [1]
_LocaleC_islower        0x08008899    0x12  Code  Gb  finsh_token.o [1]
_LocaleC_isupper        0x080088ab    0x12  Code  Gb  finsh_token.o [1]
_PrintfFull             0x08001bf1   0x52e  Code  Gb  xprintffull.o [3]
_PutcharsFull           0x080028c5    0x2e  Code  Lc  xprintffull.o [3]
_SProut                 0x0800290f     0xa  Code  Gb  xsprout.o [3]
__aeabi_cdcmple         0x08002b6d          Code  Gb  DblCmpLe.o [4]
__aeabi_cdrcmple        0x08002b9d          Code  Gb  DblCmpGe.o [4]
__aeabi_d2iz            0x08002cf5          Code  Gb  DblToI32.o [4]
__aeabi_d2uiz           0x08002d21          Code  Gb  DblToI32.o [4]
__aeabi_ddiv            0x080030a1          Code  Gb  DblDiv.o [4]
__aeabi_dmul            0x08002efd          Code  Gb  DblMul.o [4]
__aeabi_dsub            0x08002d7d          Code  Gb  DblSub.o [4]
__aeabi_errno_addr      0x0800888d     0x6  Code  Gb  errno.o [3]
__aeabi_f2d             0x08009c6d          Code  Gb  FltToDbl.o [4]
__aeabi_i2d             0x08002d4d          Code  Gb  I32ToDbl.o [4]
__aeabi_ldiv0           0x080032f5          Code  Gb  I64DivZer.o [5]
__aeabi_memcpy          0x08002ab1          Code  Gb  ABImemcpy.o [5]
__aeabi_memcpy4         0x08002ad1          Code  Gb  ABImemcpy.o [5]
__aeabi_memcpy8         0x08002ad1          Code  Gb  ABImemcpy.o [5]
__aeabi_memset          0x08001b69          Code  Gb  ABImemset.o [5]
__aeabi_ui2d            0x08002d61          Code  Gb  I32ToDbl.o [4]
__aeabi_uldivmod        0x080029c1          Code  Gb  I64DivMod.o [5]
__cmain                 0x0800b665          Code  Gb  cmain.o [5]
__exit                  0x0800b691    0x14  Code  Gb  exit.o [6]
__iar_Dnorm             0x08002b27    0x44  Code  Gb  xdnorm.o [4]
__iar_Dscale            0x08002bcd   0x10a  Code  Gb  xdscale.o [4]
__iar_Errno             0x20001e28     0x4  Data  Gb  errno.o [3]
__iar_Memchr            0x08002969          Code  Gb  memchr.o [5]
__iar_Memset            0x08001b69          Code  Gb  ABImemset.o [5]
__iar_Memset_word       0x08001b71          Code  Gb  ABImemset.o [5]
__iar_SB                0x0800c04c          Data  Gb  bwt_init3c.o [5]
__iar_Stoul             0x08007dfd     0x4  Code  Gb  xstoul.o [3]
__iar_Stoulx            0x08007cd9   0x124  Code  Gb  xstoul.o [3]
__iar_Strchr            0x08002919          Code  Gb  strchr.o [5]
__iar_copy_init3        0x08001b3b    0x2e  Code  Gb  copy_init3.o [5]
__iar_d2uiz             0x08002d2d          Code  Gb  DblToI32.o [4]
__iar_dadd              0x080032f9          Code  Gb  DblAdd.o [4]
__iar_data_init3        0x0800adf9    0x2c  Code  Gb  data_init3.o [5]
__iar_default_requirements$$_Printf<unknown>sprintf {Abs}
                        0x00000000           --   Gb  sprintf.o [3]
__iar_dlib_perthread_access
                        0x080088bd     0x2  Code  Gb  xtls.o [3]
__iar_dsub              0x08002d91          Code  Gb  DblSub.o [4]
__iar_dsubStart         0x08002da3          Code  Gb  DblSub.o [4]
__iar_init_vfp          0x0800b4f9          Code  Gb  fpinit_M.o [4]
__iar_program_start     0x0800bdcd          Code  Gb  cstartup_M.o [5]
__iar_provide$$_Printf<flags,floats,hex_floats,int_specials,long_longs,n_formatters,qualifiers,widths>_PrintfFull {Abs}
                        0x00000000           --   Gb  xprintffull.o [3]
__iar_ui2d              0x08002d65          Code  Gb  I32ToDbl.o [4]
__iar_zero_init3        0x08001bcf    0x22  Code  Gb  zero_init3.o [5]
__low_level_init        0x0800b67b     0x4  Code  Gb  low_level_init.o [3]
__vector_table          0x08000000          Data  Gb  startup_stm32f4xx.o [1]
_call_main              0x0800b671          Code  Gb  cmain.o [5]
_console_device         0x20001dd0     0x4  Data  Lc  kservice.o [1]
_errno                  0x20001dcc     0x4  Data  Lc  kservice.o [1]
_exit                   0x0800b685          Code  Gb  cexit.o [5]
_list_device            0x08006d0d    0x58  Code  Lc  cmd.o [1]
_list_event             0x08006a2b    0x6e  Code  Lc  cmd.o [1]
_list_mailbox           0x08006aff    0x7e  Code  Lc  cmd.o [1]
_list_mempool           0x08006c11    0x78  Code  Lc  cmd.o [1]
_list_msgqueue          0x08006b89    0x78  Code  Lc  cmd.o [1]
_list_mutex             0x08006aa5    0x4e  Code  Lc  cmd.o [1]
_list_sem               0x080069a7    0x78  Code  Lc  cmd.o [1]
_list_thread            0x080068b9    0xb6  Code  Lc  cmd.o [1]
_list_timer             0x08006c9d    0x64  Code  Lc  cmd.o [1]
_main                   0x0800b677          Code  Gb  cmain.o [5]
_rt_scheduler_stack_check
                        0x08008463    0x64  Code  Lc  scheduler.o [1]
_rt_thread_init         0x08007889    0xb8  Code  Lc  thread.o [1]
_rt_timer_init          0x080081e3    0x30  Code  Lc  timer.o [1]
_syscall_table          0x20000090    0x60  Data  Gb  symbol.o [1]
_syscall_table_begin    0x20000150     0x4  Data  Gb  symbol.o [1]
_syscall_table_end      0x20000154     0x4  Data  Gb  symbol.o [1]
_sysvar_table_begin     0x20001e1c     0x4  Data  Gb  symbol.o [1]
_sysvar_table_end       0x20001e20     0x4  Data  Gb  symbol.o [1]
allocate_list           0x20001db4     0x4  Data  Lc  finsh_heap.o [1]
assert_failed           0x08008ec1    0x1e  Code  Gb  startup.o [1]
atoi                    0x08005985     0x8  Code  Gb  atoi.o [3]
digits                  0x08007e00    0x28  Data  Lc  xstoul.o [3]
div                     0x080032e7     0xe  Code  Gb  div.o [3]
divide                  0x08005daf    0x3a  Code  Lc  kservice.o [1]
exit                    0x0800b67f     0x4  Code  Gb  exit.o [3]
f_var1                  0x20001d88     0x4  Data  Gb  application.o [1]
f_var2                  0x20001d8c     0x4  Data  Gb  application.o [1]
f_var3                  0x20001d90     0x4  Data  Gb  application.o [1]
f_var4                  0x20001d94     0x4  Data  Gb  application.o [1]
finsh_auto_complete     0x0800541d    0x20  Code  Gb  shell.o [1]
finsh_block_insert      0x08005b79    0x3e  Code  Lc  finsh_heap.o [1]
finsh_block_merge       0x08005bfb    0x84  Code  Lc  finsh_heap.o [1]
finsh_block_remove      0x08005bb7    0x2c  Code  Lc  finsh_heap.o [1]
finsh_block_split       0x08005be3    0x18  Code  Lc  finsh_heap.o [1]
finsh_compile           0x08000189  0x1790  Code  Lc  finsh_compiler.o [1]
finsh_compile_pc        0x20001dac     0x4  Data  Gb  finsh_compiler.o [1]
finsh_compile_sp        0x20001da8     0x4  Data  Gb  finsh_compiler.o [1]
finsh_compiler_run      0x08001a89    0x5e  Code  Gb  finsh_compiler.o [1]
finsh_errno             0x08001b0d     0x6  Code  Gb  finsh_error.o [1]
finsh_error_init        0x08001af9     0xa  Code  Gb  finsh_error.o [1]
finsh_error_set         0x08001b03     0xa  Code  Gb  finsh_error.o [1]
finsh_error_string      0x08001b13     0xa  Code  Gb  finsh_error.o [1]
finsh_error_string_table
                        0x200000f0    0x3c  Data  Lc  finsh_error.o [1]
finsh_flush             0x0800712d    0x16  Code  Gb  finsh_init.o [1]
finsh_handle_history    0x080054d9   0x128  Code  Gb  shell.o [1]
finsh_heap              0x20001a58    0x80  Data  Gb  finsh_heap.o [1]
finsh_heap_allocate     0x08005a7d    0x78  Code  Gb  finsh_heap.o [1]
finsh_heap_free         0x08005af5    0x24  Code  Gb  finsh_heap.o [1]
finsh_heap_gc           0x08005b19    0x50  Code  Lc  finsh_heap.o [1]
finsh_heap_init         0x08005a51    0x2c  Code  Gb  finsh_heap.o [1]
finsh_init              0x08007105    0x1e  Code  Gb  finsh_init.o [1]
finsh_name_table        0x0800ab74    0x40  Data  Lc  finsh_token.o [1]
finsh_node_allocate     0x08005117    0x38  Code  Gb  finsh_node.o [1]
finsh_node_init         0x08005105    0x12  Code  Gb  finsh_node.o [1]
finsh_node_new_char     0x080051dd    0x20  Code  Gb  finsh_node.o [1]
finsh_node_new_id       0x08005155    0x88  Code  Gb  finsh_node.o [1]
finsh_node_new_int      0x080051fd    0x20  Code  Gb  finsh_node.o [1]
finsh_node_new_long     0x0800521d    0x20  Code  Gb  finsh_node.o [1]
finsh_node_new_ptr      0x08005285    0x20  Code  Gb  finsh_node.o [1]
finsh_node_new_string   0x0800523d    0x48  Code  Gb  finsh_node.o [1]
finsh_parser_init       0x080048f9    0x12  Code  Gb  finsh_parser.o [1]
finsh_parser_run        0x0800480f    0xea  Code  Gb  finsh_parser.o [1]
finsh_pc                0x20001dc0     0x4  Data  Gb  finsh_vm.o [1]
finsh_push_history      0x0800560d    0xa2  Code  Gb  shell.o [1]
finsh_run_line          0x0800543d    0x9c  Code  Gb  shell.o [1]
finsh_rx_ind            0x08005359    0x3e  Code  Lc  shell.o [1]
finsh_set_device        0x08005397    0x86  Code  Gb  shell.o [1]
finsh_sp                0x20001dbc     0x4  Data  Gb  finsh_vm.o [1]
finsh_stack_bottom      0x08007123     0x6  Code  Gb  finsh_init.o [1]
finsh_syscall_lookup    0x080059df    0x50  Code  Gb  finsh_vm.o [1]
finsh_system_init       0x080058cb    0x66  Code  Gb  shell.o [1]
finsh_sysvar_lookup     0x080049c5    0x52  Code  Gb  finsh_var.o [1]
finsh_thread            0x20001c58    0x80  Data  Lc  shell.o [1]
finsh_thread_entry      0x080056af   0x21c  Code  Gb  shell.o [1]
finsh_thread_stack      0x20000158   0x800  Data  Lc  shell.o [1]
finsh_token_init        0x08004a29    0x16  Code  Gb  finsh_token.o [1]
finsh_token_token       0x08004a3f    0x1a  Code  Gb  finsh_token.o [1]
finsh_type_check        0x08001919   0x170  Code  Lc  finsh_compiler.o [1]
finsh_var_init          0x0800490d    0x10  Code  Gb  finsh_var.o [1]
finsh_var_insert        0x0800491d    0x72  Code  Gb  finsh_var.o [1]
finsh_var_lookup        0x0800498f    0x36  Code  Gb  finsh_var.o [1]
finsh_vm_run            0x08005999    0x46  Code  Gb  finsh_vm.o [1]
finsh_vm_stack          0x20001698   0x100  Data  Gb  finsh_vm.o [1]
free_list               0x20001db0     0x4  Data  Lc  finsh_heap.o [1]
global_errno            0x20001e2e     0x1  Data  Gb  finsh_error.o [1]
global_node_table       0x20001558   0x140  Data  Gb  finsh_node.o [1]
global_syscall_list     0x20001dc4     0x4  Data  Gb  finsh_vm.o [1]
global_sysvar_list      0x20001db8     0x4  Data  Gb  finsh_var.o [1]
global_variable         0x20001898    0xc0  Data  Gb  finsh_var.o [1]
heap_end                0x20001de0     0x4  Data  Lc  mem.o [1]
heap_ptr                0x20001ddc     0x4  Data  Lc  mem.o [1]
heap_sem                0x20001d60    0x20  Data  Lc  mem.o [1]
hello                   0x080068a1     0xe  Code  Gb  cmd.o [1]
idle                    0x20001b58    0x80  Data  Lc  idle.o [1]
isalpha                 0x0800598d     0xc  Code  Gb  finsh_token.o [1]
lfree                   0x20001de4     0x4  Data  Lc  mem.o [1]
list                    0x08006d71    0x76  Code  Gb  cmd.o [1]
list_device             0x08006d65     0xc  Code  Gb  cmd.o [1]
list_event              0x08006a99     0xc  Code  Gb  cmd.o [1]
list_mailbox            0x08006b7d     0xc  Code  Gb  cmd.o [1]
list_mempool            0x08006c89     0xc  Code  Gb  cmd.o [1]
list_msgqueue           0x08006c01     0xc  Code  Gb  cmd.o [1]
list_mutex              0x08006af3     0xc  Code  Gb  cmd.o [1]
list_prefix             0x08006e37   0x1ce  Code  Gb  cmd.o [1]
list_sem                0x08006a1f     0xc  Code  Gb  cmd.o [1]
list_thread             0x0800696f     0xc  Code  Gb  cmd.o [1]
list_timer              0x08006d01     0xc  Code  Gb  cmd.o [1]
main                    0x08008f39     0xe  Code  Gb  startup.o [1]
make_sys_node           0x080047e5    0x2a  Code  Lc  finsh_parser.o [1]
max_mem                 0x20001df0     0x4  Data  Lc  mem.o [1]
mem_size_aligned        0x20001de8     0x4  Data  Lc  mem.o [1]
memchr                  0x08002969          Code  Gb  memchr.o [5]
memcpy                  0x08007143    0x16  Code  Gb  tcp_out.o [1]
memset                  0x08001b25    0x16  Code  Gb  udp.o [1]
ndigs                   0x08007e28    0x28  Data  Lc  xstoul.o [3]
op_table                0x0800a72c    0xc4  Data  Gb  finsh_ops.o [1]
plug_holes              0x08007159   0x108  Code  Lc  mem.o [1]
print_number            0x08005e0b   0x14a  Code  Lc  kservice.o [1]
proc_additive_expr      0x0800443b    0x74  Code  Lc  finsh_parser.o [1]
proc_and_expr           0x08004379    0x4c  Code  Lc  finsh_parser.o [1]
proc_assign_expr        0x080042ab    0x36  Code  Lc  finsh_parser.o [1]
proc_cast_expr          0x0800453d    0x50  Code  Lc  finsh_parser.o [1]
proc_exclusive_or_expr  0x0800432d    0x4c  Code  Lc  finsh_parser.o [1]
proc_expr               0x0800429f     0xc  Code  Lc  finsh_parser.o [1]
proc_expr_statement     0x08004261    0x3e  Code  Lc  finsh_parser.o [1]
proc_identifier         0x08004233    0x2e  Code  Lc  finsh_parser.o [1]
proc_inclusive_or_expr  0x080042e1    0x4c  Code  Lc  finsh_parser.o [1]
proc_multiplicative_expr
                        0x080044af    0x8e  Code  Lc  finsh_parser.o [1]
proc_param_list         0x08004797    0x4e  Code  Lc  finsh_parser.o [1]
proc_postfix_expr       0x08004651    0xaa  Code  Lc  finsh_parser.o [1]
proc_primary_expr       0x080046fb    0x9c  Code  Lc  finsh_parser.o [1]
proc_shift_expr         0x080043c5    0x76  Code  Lc  finsh_parser.o [1]
proc_type               0x080040f9   0x13a  Code  Lc  finsh_parser.o [1]
proc_unary_expr         0x0800458d    0xc4  Code  Lc  finsh_parser.o [1]
proc_variable_decl      0x08003ef5   0x204  Code  Lc  finsh_parser.o [1]
rt_application_init     0x080093af    0x72  Code  Gb  application.o [1]
rt_console_set_device   0x080062c1    0x38  Code  Gb  kservice.o [1]
rt_current_priority     0x20001e30     0x1  Data  Gb  scheduler.o [1]
rt_current_thread       0x20001e0c     0x4  Data  Gb  scheduler.o [1]
rt_device_close         0x0800673b    0x4e  Code  Gb  device.o [1]
rt_device_find          0x08006653    0x56  Code  Gb  device.o [1]
rt_device_init_all      0x08006603    0x50  Code  Gb  device.o [1]
rt_device_open          0x080066a9    0x92  Code  Gb  device.o [1]
rt_device_read          0x08006789    0x52  Code  Gb  device.o [1]
rt_device_register      0x080065e1    0x22  Code  Gb  device.o [1]
rt_device_set_rx_indicate
                        0x0800682d    0x2c  Code  Gb  device.o [1]
rt_device_write         0x080067db    0x52  Code  Gb  device.o [1]
rt_enter_critical       0x080086ff    0x1a  Code  Gb  scheduler.o [1]
rt_exit_critical        0x08008719    0x36  Code  Gb  scheduler.o [1]
rt_free                 0x08007641   0x140  Code  Gb  mem.o [1]
rt_free_hook            0x20001dd8     0x4  Data  Lc  mem.o [1]
rt_hw_board_init        0x080091c3    0x16  Code  Gb  board.o [1]
rt_hw_console_output    0x080062f9     0x2  Code  Wk  kservice.o [1]
rt_hw_context_switch    0x080080ef          Code  Gb  context_iar.o [1]
rt_hw_context_switch_interrupt
                        0x080080ef          Code  Gb  context_iar.o [1]
rt_hw_context_switch_to
                        0x08008151          Code  Gb  context_iar.o [1]
rt_hw_hard_fault_exception
                        0x0800880b    0x54  Code  Gb  cpuport.o [1]
rt_hw_interrupt_disable
                        0x080080e1          Code  Gb  context_iar.o [1]
rt_hw_interrupt_enable  0x080080e9          Code  Gb  context_iar.o [1]
rt_hw_interrupt_thread_switch
                        0x0800817b          Code  Gb  context_iar.o [1]
rt_hw_serial_isr        0x0800a099    0xee  Code  Gb  serial.o [1]
rt_hw_serial_register   0x0800a00d    0x82  Code  Gb  serial.o [1]
rt_hw_stack_init        0x080087cd    0x3e  Code  Gb  cpuport.o [1]
rt_hw_usart_init        0x0800977d    0x5e  Code  Gb  usart.o [1]
rt_init_thread_entry    0x080091f1     0x2  Code  Gb  application.o [1]
rt_interrupt_enter      0x08007e75    0x1a  Code  Gb  irq.o [1]
rt_interrupt_from_thread
                        0x20001d9c     0x4  Data  Gb  cpuport.o [1]
rt_interrupt_get_nest   0x08007ea9     0x6  Code  Gb  irq.o [1]
rt_interrupt_leave      0x08007e8f    0x1a  Code  Gb  irq.o [1]
rt_interrupt_nest       0x20001e2f     0x1  Data  Gb  irq.o [1]
rt_interrupt_to_thread  0x20001da0     0x4  Data  Gb  cpuport.o [1]
rt_ipc_list_resume      0x08006405    0x14  Code  Lc  ipc.o [1]
rt_ipc_list_suspend     0x0800639d    0x68  Code  Lc  ipc.o [1]
rt_ipc_object_init      0x0800638d    0x10  Code  Lc  ipc.o [1]
rt_kprintf              0x080062fb    0x3c  Code  Gb  kservice.o [1]
rt_list_init            0x08006369     0x6  Code  Lc  ipc.o [1]
rt_list_init            0x0800a1d1     0x6  Code  Lc  mempool.o [1]
rt_list_init            0x0800842d     0x6  Code  Lc  scheduler.o [1]
rt_list_init            0x080077f9     0x6  Code  Lc  thread.o [1]
rt_list_init            0x080081ad     0x6  Code  Lc  timer.o [1]
rt_list_insert_after    0x0800a1d7     0xe  Code  Lc  mempool.o [1]
rt_list_insert_after    0x08007eb5     0xe  Code  Lc  object.o [1]
rt_list_insert_after    0x080077ff     0xe  Code  Lc  thread.o [1]
rt_list_insert_before   0x0800636f     0xe  Code  Lc  ipc.o [1]
rt_list_insert_before   0x08008433     0xe  Code  Lc  scheduler.o [1]
rt_list_insert_before   0x0800780d     0xe  Code  Lc  thread.o [1]
rt_list_insert_before   0x080081b3     0xe  Code  Lc  timer.o [1]
rt_list_isempty         0x0800687d    0x10  Code  Lc  cmd.o [1]
rt_list_isempty         0x08009483    0x10  Code  Lc  idle.o [1]
rt_list_isempty         0x0800637d    0x10  Code  Lc  ipc.o [1]
rt_list_isempty         0x08008453    0x10  Code  Lc  scheduler.o [1]
rt_list_isempty         0x080081d3    0x10  Code  Lc  timer.o [1]
rt_list_len             0x0800688d    0x14  Code  Lc  cmd.o [1]
rt_list_remove          0x08009471    0x12  Code  Lc  idle.o [1]
rt_list_remove          0x08007ec3    0x12  Code  Lc  object.o [1]
rt_list_remove          0x08008441    0x12  Code  Lc  scheduler.o [1]
rt_list_remove          0x0800781b    0x12  Code  Lc  thread.o [1]
rt_list_remove          0x080081c1    0x12  Code  Lc  timer.o [1]
rt_lowest_bitmap        0x0800a62c   0x100  Data  Gb  scheduler.o [1]
rt_malloc               0x0800736d   0x2ce  Code  Gb  mem.o [1]
rt_malloc_hook          0x20001dd4     0x4  Data  Lc  mem.o [1]
rt_memset               0x08005cab    0x56  Code  Gb  kservice.o [1]
rt_mp_alloc             0x0800a29d    0xec  Code  Gb  mempool.o [1]
rt_mp_alloc_hook        0x20001df4     0x4  Data  Lc  mempool.o [1]
rt_mp_init              0x0800a1e5    0xb8  Code  Gb  mempool.o [1]
rt_object_allocate      0x08007f6f    0x9a  Code  Gb  object.o [1]
rt_object_attach_hook   0x20001df8     0x4  Data  Lc  object.o [1]
rt_object_container     0x20000000    0x90  Data  Gb  object.o [1]
rt_object_delete        0x08008009    0x72  Code  Gb  object.o [1]
rt_object_detach        0x08007f27    0x48  Code  Gb  object.o [1]
rt_object_detach_hook   0x20001dfc     0x4  Data  Lc  object.o [1]
rt_object_init          0x08007ed7    0x50  Code  Gb  object.o [1]
rt_object_is_systemobject
                        0x0800807b    0x34  Code  Gb  object.o [1]
rt_object_put_hook      0x20001e08     0x4  Data  Gb  object.o [1]
rt_object_take_hook     0x20001e04     0x4  Data  Gb  object.o [1]
rt_object_trytake_hook  0x20001e00     0x4  Data  Gb  object.o [1]
rt_schedule             0x08008579    0xd8  Code  Gb  scheduler.o [1]
rt_schedule_insert_thread
                        0x08008651    0x56  Code  Gb  scheduler.o [1]
rt_schedule_remove_thread
                        0x080086a7    0x58  Code  Gb  scheduler.o [1]
rt_scheduler_hook       0x20001e14     0x4  Data  Lc  scheduler.o [1]
rt_scheduler_lock_nest  0x20001e2c     0x2  Data  Lc  scheduler.o [1]
rt_sem_init             0x08006419    0x46  Code  Gb  ipc.o [1]
rt_sem_release          0x08006567    0x54  Code  Gb  ipc.o [1]
rt_sem_take             0x0800645f   0x108  Code  Gb  ipc.o [1]
rt_serial_close         0x08009d81     0x6  Code  Lc  serial.o [1]
rt_serial_control       0x08009fad    0x60  Code  Lc  serial.o [1]
rt_serial_enable_dma    0x08009e39    0x44  Code  Lc  serial.o [1]
rt_serial_init          0x08009cf1    0x8a  Code  Lc  serial.o [1]
rt_serial_open          0x08009d7b     0x6  Code  Lc  serial.o [1]
rt_serial_read          0x08009d87    0xb2  Code  Lc  serial.o [1]
rt_serial_write         0x08009e7d   0x130  Code  Lc  serial.o [1]
rt_set_errno            0x08005c81    0x2a  Code  Gb  kservice.o [1]
rt_show_version         0x08005d77    0x38  Code  Gb  kservice.o [1]
rt_strlen               0x08005d67    0x10  Code  Gb  kservice.o [1]
rt_strncmp              0x08005d33    0x34  Code  Gb  kservice.o [1]
rt_strncpy              0x08005d01    0x32  Code  Gb  kservice.o [1]
rt_system_heap_init     0x08007261   0x108  Code  Gb  mem.o [1]
rt_system_object_init   0x08007ed5     0x2  Code  Gb  object.o [1]
rt_system_scheduler_init
                        0x080084c7    0x38  Code  Gb  scheduler.o [1]
rt_system_scheduler_start
                        0x080084ff    0x7a  Code  Gb  scheduler.o [1]
rt_system_tick_init     0x08008791     0x2  Code  Gb  clock.o [1]
rt_system_timer_init    0x08008429     0x2  Code  Gb  timer.o [1]
rt_system_timer_thread_init
                        0x0800842b     0x2  Code  Gb  timer.o [1]
rt_thread_create        0x08007a5b    0x64  Code  Gb  thread.o [1]
rt_thread_defunct       0x20001d80     0x8  Data  Gb  scheduler.o [1]
rt_thread_delay         0x08007b73     0xc  Code  Gb  thread.o [1]
rt_thread_entry_led1    0x080091f3   0x178  Code  Lc  application.o [1]
rt_thread_entry_led2    0x0800936b    0x44  Code  Lc  application.o [1]
rt_thread_exit          0x0800782d    0x5c  Code  Lc  thread.o [1]
rt_thread_idle_entry    0x08009533    0x18  Code  Lc  idle.o [1]
rt_thread_idle_excute   0x08009493    0xa0  Code  Gb  idle.o [1]
rt_thread_idle_hook     0x20001dc8     0x4  Data  Lc  idle.o [1]
rt_thread_idle_init     0x0800954b    0x2c  Code  Gb  idle.o [1]
rt_thread_init          0x08007941    0x92  Code  Gb  thread.o [1]
rt_thread_priority_table
                        0x20001798   0x100  Data  Gb  scheduler.o [1]
rt_thread_ready_priority_group
                        0x20001e10     0x4  Data  Gb  scheduler.o [1]
rt_thread_resume        0x08007bcd    0x64  Code  Gb  thread.o [1]
rt_thread_self          0x080079d3     0x8  Code  Gb  thread.o [1]
rt_thread_sleep         0x08007b0f    0x64  Code  Gb  thread.o [1]
rt_thread_stack         0x20001158   0x400  Data  Lc  idle.o [1]
rt_thread_startup       0x080079db    0x80  Code  Gb  thread.o [1]
rt_thread_suspend       0x08007b7f    0x4e  Code  Gb  thread.o [1]
rt_thread_switch_interrupt_flag
                        0x20001da4     0x4  Data  Gb  cpuport.o [1]
rt_thread_timeout       0x08007c31    0x64  Code  Gb  thread.o [1]
rt_thread_yield         0x08007abf    0x50  Code  Gb  thread.o [1]
rt_tick                 0x20001d98     0x4  Data  Lc  clock.o [1]
rt_tick_get             0x08008793     0x6  Code  Gb  clock.o [1]
rt_tick_increase        0x08008799    0x2c  Code  Gb  clock.o [1]
rt_timer_check          0x08008389    0x7c  Code  Gb  timer.o [1]
rt_timer_control        0x0800832b    0x5e  Code  Gb  timer.o [1]
rt_timer_init           0x08008213    0x4e  Code  Gb  timer.o [1]
rt_timer_list           0x20000148     0x8  Data  Lc  timer.o [1]
rt_timer_start          0x08008261    0xca  Code  Gb  timer.o [1]
rt_timer_timeout_hook   0x20001e24     0x4  Data  Lc  timer.o [1]
rtthread_startup        0x08008edf    0x42  Code  Gb  startup.o [1]
shell                   0x20001e18     0x4  Data  Gb  shell.o [1]
show_wait_queue         0x0800697b    0x2c  Code  Lc  cmd.o [1]
skip_atoi               0x08005de9    0x22  Code  Lc  kservice.o [1]
sprintf                 0x08009cbd    0x34  Code  Gb  sprintf.o [3]
str_common              0x08006e13    0x24  Code  Lc  cmd.o [1]
str_is_prefix           0x08006ded    0x26  Code  Lc  cmd.o [1]
strchr                  0x08002919          Code  Gb  strchr.o [5]
strcmp                  0x0800533d    0x1c  Code  Gb  shell.o [1]
strlen                  0x08002931          Code  Gb  strlen.o [5]
strncmp                 0x08005311    0x2a  Code  Gb  strncmp.o [3]
strncpy                 0x080052a5          Code  Gb  strncpy.o [5]
text_segment            0x20001ad8    0x80  Data  Gb  finsh_vm.o [1]
thread_led1             0x20001958    0x80  Data  Gb  application.o [1]
thread_led1_stack       0x20000958   0x400  Data  Lc  application.o [1]
thread_led2             0x200019d8    0x80  Data  Gb  application.o [1]
thread_led2_stack       0x20000d58   0x400  Data  Lc  application.o [1]
token_get_string        0x08004a59    0x88  Code  Gb  finsh_token.o [1]
token_match_name        0x08004cef    0x34  Code  Lc  finsh_token.o [1]
token_next_char         0x08004ae1    0x42  Code  Lc  finsh_token.o [1]
token_prev_char         0x08004b23    0x14  Code  Lc  finsh_token.o [1]
token_proc_char         0x08004d49    0xba  Code  Lc  finsh_token.o [1]
token_proc_escape       0x08004e59    0xc6  Code  Lc  finsh_token.o [1]
token_proc_number       0x08004f1f   0x128  Code  Lc  finsh_token.o [1]
token_proc_string       0x08004e03    0x56  Code  Lc  finsh_token.o [1]
token_run               0x08004b37   0x1b8  Code  Lc  finsh_token.o [1]
token_spec_number       0x08005047    0xbe  Code  Lc  finsh_token.o [1]
token_trim_space        0x08004d29    0x20  Code  Lc  finsh_token.o [1]
uart2                   0x2000013c     0xc  Data  Gb  usart.o [1]
uart2_device            0x20001d20    0x40  Data  Gb  usart.o [1]
uart2_int_rx            0x20001cd8    0x48  Data  Gb  usart.o [1]
used_mem                0x20001dec     0x4  Data  Lc  mem.o [1]
version                 0x080068af     0xa  Code  Gb  cmd.o [1]
vsnprintf               0x08005f55   0x36c  Code  Lc  kservice.o [1]


[1] = E:\temp\rt-thread\bsp\stm32f40x\Debug\Obj
[2] = command line
[3] = dl7M_tln.a
[4] = m7M_tlv.a
[5] = rt7M_tl.a
[6] = shb_l.a

  43 104 bytes of readonly  code memory
   6 468 bytes of readonly  data memory
   9 265 bytes of readwrite data memory

Errors: none
Warnings: none
